Archive member included because of file (symbol)

c:\gcc850\lib\libc.a(lib_a-atoi.o)
                              obj/util.o (_atoi)
c:\gcc850\lib\libc.a(lib_a-isxdigit.o)
                              obj/PRINT.o (_isxdigit)
c:\gcc850\lib\libc.a(lib_a-memcpy.o)
                              obj/util.o (_memcpy)
c:\gcc850\lib\libc.a(lib_a-strcat.o)
                              obj/iWRAP_BLUEGIGA.o (_strcat)
c:\gcc850\lib\libc.a(lib_a-strcmp.o)
                              obj/STRCLASS.o (_strcmp)
c:\gcc850\lib\libc.a(lib_a-strcpy.o)
                              obj/STRCLASS.o (_strcpy)
c:\gcc850\lib\libc.a(lib_a-strlen.o)
                              obj/STRCLASS.o (_strlen)
c:\gcc850\lib\libc.a(lib_a-strncpy.o)
                              obj/iWRAP_BLUEGIGA_SPP.o (_strncpy)
c:\gcc850\lib\libc.a(lib_a-strtol.o)
                              c:\gcc850\lib\libc.a(lib_a-atoi.o) (__strtol_r)
c:\gcc850\lib\libc.a(lib_a-toupper.o)
                              obj/PRINT.o (_toupper)
c:\gcc850\lib\libc.a(lib_a-ctype_.o)
                              c:\gcc850\lib\libc.a(lib_a-isxdigit.o) (___ctype_ptr__)
c:\gcc850\lib\libc.a(lib_a-impure.o)
                              c:\gcc850\lib\libc.a(lib_a-strtol.o) (__impure_ptr)
c:\gcc850\lib\libgcc.a(_mulsi3.o)
                              obj/PRINT.o (___mulsi3)
c:\gcc850\lib\libgcc.a(_divsi3.o)
                              obj/util.o (___divsi3)
c:\gcc850\lib\libgcc.a(_udivsi3.o)
                              obj/main.o (___udivsi3)
c:\gcc850\lib\libgcc.a(_modsi3.o)
                              obj/PRINT.o (___modsi3)
c:\gcc850\lib\libgcc.a(_umodsi3.o)
                              obj/main.o (___umodsi3)
c:\gcc850\lib\libgcc.a(_save_31c.o)
                              c:\gcc850\lib\libc.a(lib_a-atoi.o) (__save_r31)
c:\gcc850\lib\libgcc.a(_fixunssfsi.o)
                              obj/SOUND.o (___fixunssfsi)
c:\gcc850\lib\libgcc.a(_addsub_sf.o)
                              obj/SOUND.o (___subsf3)
c:\gcc850\lib\libgcc.a(_mul_sf.o)
                              obj/main.o (___mulsf3)
c:\gcc850\lib\libgcc.a(_div_sf.o)
                              obj/PRINT.o (___divsf3)
c:\gcc850\lib\libgcc.a(_ne_sf.o)
                              obj/util.o (___nesf2)
c:\gcc850\lib\libgcc.a(_gt_sf.o)
                              obj/PROTOCOL_uC.o (___gtsf2)
c:\gcc850\lib\libgcc.a(_ge_sf.o)
                              obj/PROTOCOL_uC.o (___gesf2)
c:\gcc850\lib\libgcc.a(_lt_sf.o)
                              obj/PROTOCOL_uC.o (___ltsf2)
c:\gcc850\lib\libgcc.a(_le_sf.o)
                              obj/TIMER_NEC.o (___lesf2)
c:\gcc850\lib\libgcc.a(_si_to_sf.o)
                              obj/main.o (___floatsisf)
c:\gcc850\lib\libgcc.a(_sf_to_si.o)
                              obj/PRINT.o (___fixsfsi)
c:\gcc850\lib\libgcc.a(_thenan_sf.o)
                              c:\gcc850\lib\libgcc.a(_addsub_sf.o) (___thenan_sf)
c:\gcc850\lib\libgcc.a(_usi_to_sf.o)
                              obj/SWTIM.o (___floatunsisf)
c:\gcc850\lib\libgcc.a(_save_26c.o)
                              c:\gcc850\lib\libgcc.a(_addsub_sf.o) (__save_r26_r31)
c:\gcc850\lib\libgcc.a(_save_27c.o)
                              c:\gcc850\lib\libgcc.a(_mul_sf.o) (__save_r27_r31)
c:\gcc850\lib\libgcc.a(_save_28c.o)
                              c:\gcc850\lib\libgcc.a(_fixunssfsi.o) (__save_r28_r31)
c:\gcc850\lib\libgcc.a(_muldi3.o)
                              c:\gcc850\lib\libgcc.a(_mul_sf.o) (___muldi3)
c:\gcc850\lib\libgcc.a(_clzsi2.o)
                              c:\gcc850\lib\libgcc.a(_si_to_sf.o) (___clzsi2)
c:\gcc850\lib\libgcc.a(_pack_sf.o)
                              c:\gcc850\lib\libgcc.a(_addsub_sf.o) (___pack_f)
c:\gcc850\lib\libgcc.a(_unpack_sf.o)
                              c:\gcc850\lib\libgcc.a(_addsub_sf.o) (___unpack_f)
c:\gcc850\lib\libgcc.a(_fpcmp_parts_sf.o)
                              c:\gcc850\lib\libgcc.a(_ne_sf.o) (___fpcmp_parts_f)
c:\gcc850\lib\libgcc.a(_clz.o)
                              c:\gcc850\lib\libgcc.a(_clzsi2.o) (___clz_tab)

Discarded input sections

 .gnu.linkonce.t._ZN16KeyboardAbstract13getKeysNumberEv
                0x00000000        0x0 obj/KEYBOARD.o
 .gnu.linkonce.t._ZN11AdcAbstract8setPowerEb
                0x00000000        0x0 obj/ADC_NEC.o
 .gnu.linkonce.t._ZN11AdcAbstract9isPoweredEv
                0x00000000        0x0 obj/ADC_NEC.o
 .gnu.linkonce.t._ZN11AdcAbstract9setEnableEb
                0x00000000        0x0 obj/ADC_NEC.o
 .gnu.linkonce.t._ZN11AdcAbstract8isEnableEv
                0x00000000        0x0 obj/ADC_NEC.o
 .gnu.linkonce.r._ZTV11AdcAbstract
                0x00000000        0x0 obj/ADC_NEC.o
 .gnu.linkonce.t._ZN7Adc_NEC9isPoweredEv
                0x00000000        0x0 obj/ADC_SAU7000.o
 .gnu.linkonce.t._ZN7Adc_NEC8isEnableEv
                0x00000000        0x0 obj/ADC_SAU7000.o
 .gnu.linkonce.t._ZN18UartDeviceAbstract6TurnOnEv
                0x00000000        0x0 obj/UARTNEC.o
[...]
Memory Configuration

Name             Origin             Length             Attributes
text             0x00110000         0x00040000
rodata           0x00150000         0x00004000
message          0x00154000         0x00040000
usrstk           0x00194000         0x00000fff
data             0x03ff5000         0x00006000
stack            0x03ffb000         0x00004000
xdata            0x00180000         0x00000000
*default*        0x00000000         0xffffffff
ramcode          0x00000000         0xffffffff

Linker script and memory map

LOAD obj/startup.o

.init
 *(.init)

.plt
 *(.plt)

.text           0x00110000    0x33e50
                0x00110000                __stext = .
                0x00110000                __ctbp = .
 *(.call_table_data)
                0x00110000                . = ALIGN (0x10)
 *(.text)
 .text          0x00110000      0x7f4 obj/startup.o
                0x00110720                __return_interrupt
                0x001107e8                _cpu_initial
                0x00110000                _irqJump
                0x00110790                __restore_all_interrupt
                0x00110738                __save_all_interrupt
                0x00110700                __save_interrupt
 .text          0x001107f4       0x94 obj/crt0.o
                0x001107f4                _start
 .text          0x00110888       0x4e obj/crt1.o
                0x00110888                ___main
 .text          0x001108d6     0x3048 obj/main.o
                0x0011203c                UartProcol_init()
                0x001108d6                __wait(int)
                0x001131f2                wtp_Init()
                0x001133a4                hwsw_init()
                0x00110c04                fpga_pin_init()
                0x00110934                FlashLed()
                0x00111ce0                wth_Init()
                0x00111252                GrCpuMemTest(unsigned short*, unsigned short*)
                0x00110906                breakpoint()
                0x00111f16                page_init()
                0x001128fe                HwChannels_init()
                0x00110c4c                clearAllBuffers()
                0x0011157c                IR_remoteInit()
                0x001109b6                pin_init()
                0x00112e8c                fpga_config()
                0x00110cc6                _irq_INTUA0R_INTCB4R
                0x001127fe                KeyboardInit()
                0x00111172                Asciihex_to_num(char*)
                0x0011133a                adc_uC_init()
                0x001111a0                Num_to_Asciihex(unsigned short, char*)
                0x00110dba                _irq_INTUA0T_INTCB4T
                0x001136ba                _main
 .text          0x0011391e      0xa84 obj/IRQSG2.o
                0x001140ae                _irq_INTCB1R
                0x0011391e                _irq_init
                0x00113f88                _irq_INTTP4CC1
                0x00113fdc                _irq_INTTP5CC0
                0x00113b7e                _irq_INTP2
                0x00113bce                _irq_INTP4
                0x00113ee0                _irq_INTTP3CC0
                0x00113de4                _irq_INTTP1CC0
                0x00113d90                _irq_INTTP0CC1
                0x00113a3e                _irq_RESET
                0x00113d12                _irq_INTTQ0CC3
                0x001139b8                _irq_resetVect
                0x00113b56                _irq_INTP1
                0x001142fa                _irq_INTDMA3
                0x00113ade                _irq_ILGOP_TRAPDB
                0x0011412c                _irq_INTCB2T
                0x00114378                _irq_INTWT
                0x0011405a                _irq_INTCB0R_INTIIC1
                0x001142d0                _irq_INTDMA2
                0x00113d66                _irq_INTTP0CC0
                0x00113e62                _irq_INTTP2CC0
                0x00113f5e                _irq_INTTP4CC0
                0x00113b06                _irq_INTLVI
                0x00113fb2                _irq_INTTP5OV
                0x00113eb6                _irq_INTTP3OV
                0x0011427c                _irq_INTDMA0
                0x00114252                _irq_INTAD
                0x00114006                _irq_INTTP5CC1
                0x00113c1e                _irq_INTP6
                0x00113ba6                _irq_INTP3
                0x00113a66                _irq_NMI
                0x00114084                _irq_INTCB0T
                0x00113c6e                _irq_INTTQ0OV
                0x00113e0e                _irq_INTTP1CC1
                0x00114180                _irq_INTCB3T
                0x00114228                _irq_INTUA2T
                0x00114102                _irq_INTCB2R
                0x00113960                _irq_setVect
                0x00114324                _irq_INTKR
                0x00114030                _irq_INTTM0EQ0
                0x00113b2e                _irq_INTP0
                0x00113cbe                _irq_INTTQ0CC1
                0x001140d8                _irq_INTCB1T
                0x001139f0                _irq_chkErrors
                0x001141fe                _irq_INTUA2R_INTIIC0
                0x00113e8c                _irq_INTTP2CC1
                0x00114156                _irq_INTCB3R
                0x00113bf6                _irq_INTP5
                0x00113f0a                _irq_INTTP3CC1
                0x00113c46                _irq_INTP7
                0x00113a8e                _irq_TRAP0
                0x0011434e                _irq_INTWTI
                0x00113dba                _irq_INTTP1OV
                0x00113f34                _irq_INTTP4OV
                0x00113ab6                _irq_TRAP1
                0x001141d4                _irq_INTUA1T
                0x00113ce8                _irq_INTTQ0CC2
                0x00113e38                _irq_INTTP2OV
                0x001141aa                _irq_INTUA1R_INTIIC2
                0x00113d3c                _irq_INTTP0OV
                0x001142a6                _irq_INTDMA1
                0x00113c96                _irq_INTTQ0CC0
 .text          0x001143a2       0x1a obj/ERROR.o
                0x001143ac                _error_trace
                0x001143a2                _error_init
 .text          0x001143bc      0x254 obj/ALLOC.o
                0x001143bc                _mem_init
                0x0011446c                _mem_alloc
                0x0011442e                _mem_count
                0x00114448                _mem_left
                0x00114550                _mem_free
 .text          0x00114610       0xa0 obj/NEW.o
                0x00114632                operator delete(void*)
                0x00114654                operator new[](unsigned int)
                0x00114682                operator new(unsigned int)
                0x00114610                operator delete[](void*)
 .text          0x001146b0      0x400 obj/STRCLASS.o
                0x00114982                String::String(char const*)
                0x001146b0                String::String()
                0x001146d2                String::String()
                0x001146f4                String::operator=(char const*)
                0x001147a2                String::init(char*)
                0x00114846                String::String(String const&)
                0x001149f6                String::operator=(String const&)
                0x001148aa                String::String(String const&)
                0x0011490e                String::String(char const*)
 .text          0x00114ab0      0xaee obj/PRINT.o
                0x00115574                _sprintf
                0x00114f94                _vsprintf
                0x00114e4a                _abort
                0x00114e4c                __strtoul
 .text          0x0011559e       0xd0 obj/SWTIM.o
                0x0011559e                Timer::Timer()
                0x001155a8                Timer::Timer()
                0x001155f6                IncTimer::getMsec()
                0x001155b2                IncTimer::getTime()
                0x0011561c                DecTimer::Match()
 .text          0x0011566e      0x72a obj/util.o
                0x0011568e                strset(char*, int)
                0x001156aa                HexToInt(int&, char*, int)
                0x0011587a                skipWhites(unsigned char*)
                0x00115980                addstr(char*, char const*)
                0x00115924                fsumstr(char*, char*, int, int, int)
                0x001157fc                ltrim(char*)
                0x001157f8                matherr(exception*)
                0x00115c0e                cdaten(char*)
                0x001158f2                sumstr(char*, char*, int, int)
                0x00115bb4                cdate(char*)
                0x00115b54                chgext(char*, char*)
                0x00115846                rtrim(char*)
                0x00115774                windowFilter(short*, short*, int, int, int)
                0x001158b0                packWhites(unsigned char*)
                0x001159b0                fmtReal(long, int, int)
                0x0011566e                my_pow10(short)
                0x00115ad4                pperc(char*, double, double)
                0x00115cb8                IntToHex(int, char*, int)
 .text          0x00115d98      0x5ec obj/sioSG2.o
                0x001160a6                _sio_getc_ch1
                0x00115faa                _sio_disable_rx_interrupt_ch1
                0x00115ffa                _sio_disable_tx_interrupt_ch1
                0x00115f8c                _sio_enable_rx_interrupt_ch2
                0x0011610c                _sio_clocksel_ch2
                0x00115fdc                _sio_enable_tx_interrupt_ch2
                0x00116240                _sio_fill_ch3
                0x00115fd2                _sio_enable_tx_interrupt_ch1
                0x00115df6                _sio_init_ch1
                0x00115ff0                _sio_disable_tx_interrupt_ch0
                0x00116334                _sio_getw_ch3
                0x00116200                _sio_xfr_ch3
                0x00115fa0                _sio_disable_rx_interrupt_ch0
                0x00116166                _sio_xfr_ch2
                0x001161da                _sio_getc_ch3
                0x0011604c                _sio_getc_ch0
                0x0011607e                _sio_putc_ch1
                0x00115fbe                _sio_disable_rx_interrupt_ch3
                0x00115f96                _sio_enable_rx_interrupt_ch3
                0x00115f78                _sio_enable_rx_interrupt_ch0
                0x0011600e                _sio_disable_tx_interrupt_ch3
                0x00116140                _sio_getc_ch2
                0x00116004                _sio_disable_tx_interrupt_ch2
                0x001161ce                _sio_busy_ch3
                0x00115fe6                _sio_enable_tx_interrupt_ch3
                0x00116024                _sio_putc_ch0
                0x00116134                _sio_busy_ch2
                0x001162ba                _sio_read_ch3
                0x00116072                _sio_clocksel_ch1
                0x00116018                _sio_clocksel_ch0
                0x00116278                _sio_write_ch3
                0x0011609a                _sio_busy_ch1
                0x001162fe                _sio_putw_ch3
                0x001161b2                _sio_putc_ch3
                0x00115eb6                _sio_init_ch2
                0x00116040                _sio_busy_ch0
                0x00115f82                _sio_enable_rx_interrupt_ch1
                0x00115d98                _sio_init_ch0
                0x00115fc8                _sio_enable_tx_interrupt_ch0
                0x00115fb4                _sio_disable_rx_interrupt_ch2
                0x001161a6                _sio_clocksel_ch3
                0x001160cc                _sio_xfr_ch1
                0x00115f02                _sio_init_ch3
                0x00116118                _sio_putc_ch2
 .text          0x00116384      0x4c4 obj/SOUND.o
                0x00116562                _goBuzzer
                0x001163be                _shutBuzzer
                0x001163aa                _buzzer_isPlaying
                0x00116384                buzzer_stop()
                0x00116460                buzzer_start()
                0x001165e0                _buzzer_init
                0x001164de                _goBuzzerTimes
                0x00116748                _buzzerManager
                0x001163e4                setPWM(unsigned short, unsigned char)
                0x001163b4                _buzzerSound
 .text          0x00116848      0x466 obj/KEYABSTRACT.o
                0x00116c30                KeyboardAbstract::popKey(int, KeyAbstract::keyReadingValues&)
                0x001169b0                KeyboardAbstract::setEnable(int, bool, int)
                0x00116ab8                KeyboardAbstract::setBeepEnable(int, bool)
                0x00116b66                KeyboardAbstract::push(int)
                0x0011696a                KeyboardAbstract::isEnable(int)
                0x00116894                KeyboardAbstract::~KeyboardAbstract()
                0x00116c78                KeyboardAbstract::clearKey(int)
                0x001168f0                KeyboardAbstract::setKeyName(int, int)
                0x001168a2                KeyboardAbstract::~KeyboardAbstract()
                0x00116af4                KeyboardAbstract::clear()
                0x00116a72                KeyboardAbstract::beepIsEnable(int)
                0x00116848                KeyboardAbstract::KeyboardAbstract(int)
                0x00116bea                KeyboardAbstract::keyState(int)
                0x001169ee                KeyboardAbstract::continuousReadingIsEnable(int)
                0x001168b0                KeyboardAbstract::pop(int&)
                0x0011686e                KeyboardAbstract::KeyboardAbstract(int)
                0x00116a34                KeyboardAbstract::setCountinuousReading(int, bool, int)
                0x00116928                KeyboardAbstract::keyName(int)
 .text          0x00116cae      0x868 obj/KEYBOARD.o
                0x001173a4                Key::manager()
                0x00117224                Keyboard::Keyboard(int)
                0x00116f00                Key::pinValue()
                0x00117174                Keyboard::~Keyboard()
                0x00116dea                Key::~Key()
                0x001170c4                Keyboard::~Keyboard()
                0x00116e06                Key::setEnable(bool, int)
                0x00116e48                Key::pop(KeyAbstract::keyReadingValues&)
                0x00116f84                Keyboard::manager()
                0x00116e84                Key::push(KeyAbstract::keyReadingValues)
                0x00116e38                Key::setCountinuousReading(bool, int)
                0x00116d4c                Key::Key(unsigned char volatile*, unsigned char, kindOfKey)
                0x001172e4                Keyboard::Keyboard(int)
                0x00116f20                Keyboard::setKeyPin(int, unsigned char volatile*, unsigned char)
                0x00116cae                Key::Key(unsigned char volatile*, unsigned char, kindOfKey)
                0x00116df8                Key::~Key()
 .text          0x00117516       0x24 obj/ADCABSTRACT.o
                0x00117516                AdcSpiAbstract::AdcSpiAbstract(SPI_Abstract*)
                0x00117528                AdcSpiAbstract::AdcSpiAbstract(SPI_Abstract*)
 .text          0x0011753a      0x85a obj/ADC_NEC.o
                0x00117cae                Adc_NEC::Adc_NEC(adc_nec_t volatile*, adcConv_nec_t volatile*, adc_nec_interrupt_t volatile*)
                0x00117868                Adc_NEC::setConversionSpeed(Adc_NEC::ConversionSpeed, bool)
                0x00117a46                Adc_NEC::setInputChannel(Adc_NEC::AnalogInput, bool)
                0x00117728                Adc_NEC::setTriggerModeSpecification(Adc_NEC::TriggerModeSpec, bool)
                0x0011753a                Adc_NEC::setPower(bool)
                0x00117d44                Adc_NEC::setADIC_interrupt(bool, unsigned char)
                0x00117c18                Adc_NEC::Adc_NEC(adc_nec_t volatile*, adcConv_nec_t volatile*, adc_nec_interrupt_t volatile*)
                0x001177ba                Adc_NEC::setHwTriggerSource(Adc_NEC::HwTriggerSource, bool)
                0x001178fa                Adc_NEC::setConversionTime(Adc_NEC::ConversionTime, bool)
                0x00117564                Adc_NEC::setEnable(bool)
                0x00117660                Adc_NEC::setSpecificationOnExternalTrigger(Adc_NEC::SpecOfExtTrigger, bool)
                0x00117598                Adc_NEC::setConversionMode(Adc_NEC::ConversionMode, bool)
 .text          0x00117d94     0x1806 obj/ADC_SAU7000.o
                0x00119160                Adc_NEC_SAU7000::manager()
                0x00117e2c                Adc_NEC_SAU7000::getCurrentAdcData(unsigned short*)
                0x00117d94                Adc_NEC_SAU7000::getVoltageAdcData(unsigned short*)
                0x001188a4                Adc_NEC_SAU7000::Adc_NEC_SAU7000(adc_nec_t volatile*, adcConv_nec_t volatile*, adc_nec_interrupt_t volatile*)
                0x00117f56                Adc_NEC_SAU7000::pushCurrentAdcDataToChan(int, unsigned short)
                0x00117ec4                Adc_NEC_SAU7000::pushVoltageAdcDataToChan(int, unsigned short)
                0x00117fe8                Adc_NEC_SAU7000::Adc_NEC_SAU7000(adc_nec_t volatile*, adcConv_nec_t volatile*, adc_nec_interrupt_t volatile*)
 .text          0x0011959a      0xb6c obj/UARTABSTRACT.o
                0x00119b60                UartRingBuffer::read_isr(char*, int)
                0x00119af4                UartDeviceAbstract::TransmitData(unsigned char const*, int)
                0x001198be                UartDeviceAbstract::usec_delay(int)
                0x00119c68                UartRingBuffer::read(char*, int)
                0x0011a066                UartDeviceAbstract::UartDeviceAbstract(int, int)
                0x0011a0f0                UartRingBuffer::UartRingBuffer(int)
                0x00119ebe                UartDeviceAbstract::~UartDeviceAbstract()
                0x0011964a                UartRingBuffer::puts_isr(char*)
                0x00119754                UartDeviceAbstract::SetStopBits(UartDeviceAbstract::UARTStopBits, bool)
                0x00119f82                UartRingBuffer::resize(int)
                0x00119fc6                UartRingBuffer::UartRingBuffer(int)
                0x001198ce                UartRingBuffer::write_isr(char const*, int)
                0x001195ec                UartRingBuffer::puts(char*)
                0x001195d6                UartRingBuffer::zeroIndex()
                0x00119b2a                UartDeviceAbstract::TransmitString(char const*)
                0x00119dae                UartRingBuffer::destroy()
                0x00119d78                UartDeviceAbstract::ReceiveData(unsigned char*, int&)
                0x0011959a                UartRingBuffer::UartRingBuffer()
                0x00119778                UartDeviceAbstract::SetBaudRate(UartDeviceAbstract::UARTBaudRate, bool)
                0x00119730                UartDeviceAbstract::SetFrameBits(UartDeviceAbstract::UARTFrameBits, bool)
                0x00119f12                UartRingBuffer::~UartRingBuffer()
                0x00119794                UartDeviceAbstract::SetHwFlwCtl(UartDeviceAbstract::UARThwFlwCnt, bool)
                0x0011970c                UartDeviceAbstract::SetParity(UartDeviceAbstract::UARTParity, bool)
                0x00119e6a                UartDeviceAbstract::~UartDeviceAbstract()
                0x00119898                UartDeviceAbstract::ClearReceptionBuffer()
                0x00119f30                UartRingBuffer::alloc(int)
                0x001196a8                UartRingBuffer::used()
                0x00119df2                UartRingBuffer::~UartRingBuffer()
                0x001199d8                UartRingBuffer::write(char const*, int)
                0x001197b8                UartDeviceAbstract::TransmitData(unsigned char)
                0x001195b8                UartRingBuffer::UartRingBuffer()
                0x00119848                UartDeviceAbstract::ReceiveData(char&)
                0x001196de                UartRingBuffer::used_isr()
                0x00119fdc                UartDeviceAbstract::UartDeviceAbstract(int, int)
                0x00119e10                UartDeviceAbstract::~UartDeviceAbstract()
                0x00119826                UartDeviceAbstract::ClearTransmissionBuffer()
 .text          0x0011a106      0x5c0 obj/UARTNEC.o
                0x0011a516                UartNEC::UartNEC(uart_nec_t volatile*, UartDeviceAbstract::UARTParity, UartDeviceAbstract::UARTFrameBits, UartDeviceAbstract::UARTStopBits, UartDeviceAbstract::UARTBaudRate, int, int)
                0x0011a5ee                UartNEC::UartNEC(uart_nec_t volatile*, UartDeviceAbstract::UARTParity, UartDeviceAbstract::UARTFrameBits, UartDeviceAbstract::UARTStopBits, UartDeviceAbstract::UARTBaudRate, int, int)
                0x0011a39c                UartNEC::SetParity(UartDeviceAbstract::UARTParity, bool)
                0x0011a298                UartNEC::SetStopBits(UartDeviceAbstract::UARTStopBits, bool)
                0x0011a4ba                UartNEC::~UartNEC()
                0x0011a4e0                UartNEC::~UartNEC()
                0x0011a31a                UartNEC::SetFrameBits(UartDeviceAbstract::UARTFrameBits, bool)
                0x0011a130                UartNEC::SetBaudRate(UartDeviceAbstract::UARTBaudRate, bool)
                0x0011a106                UartNEC::HwInit()
                0x0011a494                UartNEC::~UartNEC()
 .text          0x0011a6c6      0x74a obj/UARTFPGA.o
                0x0011abee                UartFPGA::~UartFPGA()
                0x0011a6c6                UartFPGA::SetHwFlwCtl(UartDeviceAbstract::UARThwFlwCnt, bool)
                0x0011abb0                UartFPGA::~UartFPGA()
                0x0011a768                UartFPGA::SetBaudRate(UartDeviceAbstract::UARTBaudRate, bool)
                0x0011ac70                UartFPGA::UartFPGA(uart_fpga_t volatile*, UartDeviceAbstract::UARTParity, UartDeviceAbstract::UARTFrameBits, UartDeviceAbstract::UARTStopBits, UartDeviceAbstract::UARTBaudRate, UartDeviceAbstract::UARThwFlwCnt, int, int)
                0x0011aa2e                UartFPGA::HwInit()
                0x0011aad0                UartFPGA::TurnOff()
                0x0011ac2c                UartFPGA::~UartFPGA()
                0x0011ad40                UartFPGA::UartFPGA(uart_fpga_t volatile*, UartDeviceAbstract::UARTParity, UartDeviceAbstract::UARTFrameBits, UartDeviceAbstract::UARTStopBits, UartDeviceAbstract::UARTBaudRate, UartDeviceAbstract::UARThwFlwCnt, int, int)
                0x0011ab2e                UartFPGA::TurnOn()
                0x0011a8bc                UartFPGA::HwTransfer()
 .text          0x0011ae10      0xcc8 obj/PROTOCOLSTDUART.o
                0x0011af3c                stdUartProtocolAbstraction::stdUartProtocolAbstraction(UartDeviceAbstract*)
                0x0011b076                stdUartProtocolAbstraction::~stdUartProtocolAbstraction()
                0x0011b35a                stdUartProtocolAbstraction::addDataToReceivingBuffer(unsigned char, int)
                0x0011b570                stdUartProtocolAbstraction::calculateChecksum(unsigned char*, int)
                0x0011b902                stdUartProtocolAbstraction::checkTimeOutElapsed()
                0x0011b80a                stdUartProtocolAbstraction::setBypassMode(bool, UartDeviceAbstract*)
                0x0011b068                stdUartProtocolAbstraction::~stdUartProtocolAbstraction()
                0x0011b866                stdUartProtocolAbstraction::SendCommand(unsigned char*, int, int)
                0x0011b2fe                stdUartProtocolAbstraction::addDataToReceivingBuffer(unsigned char*, int, int)
                0x0011b29c                stdUartProtocolAbstraction::rstError()
                0x0011b486                stdUartProtocolAbstraction::popPacketReceived(int&)
                0x0011b084                stdUartProtocolAbstraction::restoreIntialCondition()
                0x0011b990                stdUartProtocolAbstraction::manager()
                0x0011b2f6                stdUartProtocolAbstraction::IsTransmissionAvailable()
                0x0011b092                stdUartProtocolAbstraction::setError(int, bool)
                0x0011b180                stdUartProtocolAbstraction::DataAnalyse()
                0x0011ae10                stdUartProtocolAbstraction::stdUartProtocolAbstraction(UartDeviceAbstract*)
                0x0011b594                stdUartProtocolAbstraction::popMultiMessage(unsigned char*, int&)
                0x0011b2b6                stdUartProtocolAbstraction::getLastError()
                0x0011b826                stdUartProtocolAbstraction::setLastDataReceivedBuffer(int)
                0x0011b6ca                stdUartProtocolAbstraction::pushMultiMessages(unsigned char*, int)
                0x0011b2fa                stdUartProtocolAbstraction::IsReceptionAvailable()
                0x0011b52c                stdUartProtocolAbstraction::getNewPacketReceived()
                0x0011b3a6                stdUartProtocolAbstraction::setReceivedOpCode(int)
                0x0011b2bc                stdUartProtocolAbstraction::popError()
                0x0011b532                stdUartProtocolAbstraction::rstNewPacketReceived()
 .text          0x0011bad8     0x227a obj/PROTOCOLSAUANDPC.o
                0x0011c52a                SauPcProtocol::sendSauPcWeightSamples(long*, int)
                0x0011d9be                SauPcProtocol::~SauPcProtocol()
                0x0011c6ac                SauPcProtocol::sendSauPcAcquisitionStopped(unsigned char)
                0x0011bc5c                SauPcProtocol::getMsg()
                0x0011c468                SauPcProtocol::sendSauPcEmgContactImpSamples(unsigned short*, int)
                0x0011c3ea                SauPcProtocol::sendSauPcWtp(unsigned short, unsigned char, unsigned char, unsigned long)
                0x0011c23e                SauPcProtocol::sendSauPcJumpedToLoader()
                0x0011c18c                SauPcProtocol::sendAcknowledge(unsigned char)
                0x0011c2f0                SauPcProtocol::sendSauPcBubble(unsigned char, unsigned char, bool, bool, bool, bool)
                0x0011bd90                SauPcProtocol::sendMotorsCalibrationValues(wtpCalibration_t*, unsigned char)
                0x0011c8aa                SauPcProtocol::sendSauPcEmgSamples(unsigned short*, int)
                0x0011bd06                SauPcProtocol::sendOverpressureInfo(short, overpressure_bitF_t, overpressure_bitF_t)
                0x0011c294                SauPcProtocol::sendSauPcRemoteKey(int)
                0x0011c94e                SauPcProtocol::sendSauPcGenSamples(unsigned short*, int)
                0x0011c02c                SauPcProtocol::sendPrsCalibrationValues(unsigned char)
                0x0011bbb8                SauPcProtocol::checksum(unsigned char, unsigned char)
                0x0011bad8                SauPcProtocol::sendEmgCalibrationValues(unsigned char)
                0x0011da0e                SauPcProtocol::~SauPcProtocol()
                0x0011da5e                SauPcProtocol::SauPcProtocol(UartDeviceAbstract*, int)
                0x0011c604                SauPcProtocol::sendSauPcErrors(unsigned char*, int)
                0x0011badc                SauPcProtocol::checkOpCode(unsigned char)
                0x0011c36c                SauPcProtocol::sendSauPcWth(unsigned char, unsigned short, unsigned char, unsigned char, unsigned short)
                0x0011c128                SauPcProtocol::sendDisplaySetting(unsigned char, unsigned char, unsigned char)
                0x0011c75e                SauPcProtocol::sendSauPcStatus(unsigned char*, int)
                0x0011bc98                SauPcProtocol::sendWtpSpeedCalibration(unsigned long, unsigned char)
                0x0011bf32                SauPcProtocol::sendWeightCalibrationValues(unsigned char)
                0x0011dbd8                SauPcProtocol::SauPcProtocol(UartDeviceAbstract*, int)
                0x0011c9f2                SauPcProtocol::sendSauPcInfo(unsigned short*, unsigned char, unsigned short, char*, char*, char*)
                0x0011bbec                SauPcProtocol::sendMsg(int)
                0x0011be5e                SauPcProtocol::sendGenericCalibrationValues(unsigned char)
                0x0011c708                SauPcProtocol::sendSauPcAcquisitionStarted()
                0x0011cc6a                SauPcProtocol::manager()
                0x0011d5be                SauPcProtocol::DataAnalyse()
                0x0011c806                SauPcProtocol::sendSauPcPrsSamples(short*, int)
                0x0011c1e8                SauPcProtocol::sendSauPc_emgz_JumpedToLoader()
 .text          0x0011dd52     0x2d34 obj/PROTOCOL_uC.o
                0x0011e99a                ADuC_PRS_protocol::packetLost_01_handler()
                0x0011df1e                uC_Protocol::__decode_StopAcquisitionCmd()
                0x0011e2e0                uC_Protocol::sendMsg(int)
                0x00120910                ADuC_GEN_protocol::ADuC_GEN_protocol(UartDeviceAbstract*, int)
                0x0011e21c                uC_Protocol::checkOpCode(unsigned char)
                0x0011f93e                uC_Protocol::__decode_Set_IEXC_Cmd()
                0x0011e4f8                ADuC_WEIGHT_protocol::samplePacket_01_decode()
                0x0011f5b4                uC_Protocol::sendRequest_Info()
                0x0011fd22                uC_Protocol::manager()
                0x0011e2c4                uC_Protocol::checkPacketsLost(unsigned char, unsigned char)
                0x0011ea02                ADuC_GEN_protocol::samplePacket_03_decode()
                0x0012096a                ADuC_PRS_protocol::ADuC_PRS_protocol(UartDeviceAbstract*, int)
                0x0011e9ce                ADuC_GEN_protocol::packetLost_03_handler()
                0x0011deb6                uC_Protocol::__decode_SatusCmd()
                0x0011dfcc                uC_Protocol::__decode_ErrorCmd()
                0x00120710                uC_Protocol::uC_Protocol(UartDeviceAbstract*, int)
                0x0012021a                uC_Protocol::DataAnalyse()
                0x0011f84e                uC_Protocol::__decode_Set_DAC_Cmd()
                0x0011df7a                uC_Protocol::__decode_NotAckCmd()
                0x0012056a                uC_Protocol::uC_Protocol(UartDeviceAbstract*, int)
                0x001208b6                ADuC_GEN_protocol::ADuC_GEN_protocol(UartDeviceAbstract*, int)
                0x0011e182                uC_Protocol::__decode_Sample_03_Cmd()
                0x0011ed40                ADuC_WEIGHT_protocol::ADuCDefaultSetting()
                0x0011dd52                uC_Protocol::__decode_InfoCmd()
                0x0011f616                uC_Protocol::__decode_Set_PWM_Cmd()
                0x0011f9ce                uC_Protocol::__decode_Set_ADC_Cmd()
                0x0011df4c                uC_Protocol::__decode_AckCmd()
                0x0011ebe0                ADuC_PRS_protocol::ADuCDefaultSetting()
                0x0011f2c4                uC_Protocol::sendRequest_Setting_PWM()
                0x0011f31c                uC_Protocol::sendRequest_Setting_DAC()
                0x0011e0f0                uC_Protocol::__decode_Sample_02_Cmd()
                0x00120a40                ADuC_WEIGHT_protocol::ADuC_WEIGHT_protocol(UartDeviceAbstract*, int)
                0x0011f160                uC_Protocol::sendSetting_ADC()
                0x0011e014                uC_Protocol::__decode_StartAcquisitionCmd()
                0x001209b2                ADuC_PRS_protocol::ADuC_PRS_protocol(UartDeviceAbstract*, int)
                0x0011e214                uC_Protocol::sendSetting()
                0x0011f374                uC_Protocol::sendRequest_Setting_IEXC()
                0x0011f47c                uC_Protocol::sendStartAcquisition()
                0x0012050c                uC_Protocol::~uC_Protocol()
                0x0011e700                ADuC_PRS_protocol::samplePacket_01_decode()
                0x0011f024                uC_Protocol::sendSetting_DAC()
                0x0011e6cc                ADuC_WEIGHT_protocol::packetLost_01_handler()
                0x0011f55c                uC_Protocol::sendRequest_Status()
                0x0011eea4                uC_Protocol::sendSetting_PWM()
                0x0011e38c                uC_Protocol::enableFrequencyCal(bool)
                0x0011e350                uC_Protocol::getMsg()
                0x001204ae                uC_Protocol::~uC_Protocol()
                0x0011f424                uC_Protocol::sendStopAcquisition()
                0x0011f4e0                uC_Protocol::sendRequestSelfTest(bool, int)
                0x0011e39c                uC_Protocol::calculateSamplingFrq()
                0x0011f3cc                uC_Protocol::sendRequest_Setting_ADC()
                0x0011ea78                ADuC_GEN_protocol::ADuCDefaultSetting()
                0x001209fa                ADuC_WEIGHT_protocol::ADuC_WEIGHT_protocol(UartDeviceAbstract*, int)
                0x0011e05e                uC_Protocol::__decode_Sample_01_Cmd()
                0x0011e290                uC_Protocol::checksum(unsigned char, unsigned char)
                0x0011f0d0                uC_Protocol::sendSetting_IEXC()
 .text          0x00120a86      0xa0a obj/PROTOCOLSAUANDEMGZ.o
                0x00120cc6                SauAndEmgzProtocol::sendFilteringSetting(unsigned char, unsigned char, unsigned char)
                0x00120b82                SauAndEmgzProtocol::getMsg()
                0x00120ec2                SauAndEmgzProtocol::DataAnalyse()
                0x00121210                SauAndEmgzProtocol::SauAndEmgzProtocol(UartDeviceAbstract*, int)
                0x00120d36                SauAndEmgzProtocol::sendStatusRequest()
                0x00120ade                SauAndEmgzProtocol::checksum(unsigned char, unsigned char)
                0x00120a86                SauAndEmgzProtocol::checkOpCode(unsigned char)
                0x00120e60                SauAndEmgzProtocol::sendInfoRequest()
                0x00120b12                SauAndEmgzProtocol::sendMsg(int)
                0x00121350                SauAndEmgzProtocol::SauAndEmgzProtocol(UartDeviceAbstract*, int)
                0x001211cc                SauAndEmgzProtocol::~SauAndEmgzProtocol()
                0x00120d98                SauAndEmgzProtocol::sendStopAcq()
                0x00120dfa                SauAndEmgzProtocol::sendStartAcq()
                0x00120bf4                SauAndEmgzProtocol::sendJumpedToLoaderRequest()
                0x00120bda                SauAndEmgzProtocol::getLastEmgzBoardErrors(unsigned short&, unsigned char&, unsigned short&)
                0x00120c56                SauAndEmgzProtocol::sendCheckContactImpedances(bool)
                0x001211ee                SauAndEmgzProtocol::~SauAndEmgzProtocol()
                0x00120bbe                SauAndEmgzProtocol::checkPacketsLost(unsigned char, unsigned char)
 .text          0x00121490     0x41fc obj/iWRAP_BLUEGIGA.o
                0x001225cc                iWRAP_BLUEGIGA_Protocol::NAME(char const*, int)
                0x00123e6a                iWRAP_BLUEGIGA_Protocol::CLOSE(int, int)
                0x00123a98                iWRAP_BLUEGIGA_Protocol::SET_BT_ROLE(iWRAP_BLUEGIGA_Protocol::master_slave_policy, iWRAP_BLUEGIGA_Protocol::link_policy, int, int)
                0x00122482                iWRAP_BLUEGIGA_Protocol::RESET(int)
                0x00123d18                iWRAP_BLUEGIGA_Protocol::INQUIRY(int, bool, iWRAP_BLUEGIGA_Protocol::inquiryAccessCode_LAP, int)
                0x00123c90                iWRAP_BLUEGIGA_Protocol::SELECT(int, int)
                0x0012297a                iWRAP_BLUEGIGA_Protocol::SCO_OPEN(int, int)
                0x00125460                iWRAP_BLUEGIGA_Protocol::~iWRAP_BLUEGIGA_Protocol()
                0x00121c1e                iWRAP_BLUEGIGA_Protocol::TESTMODE(int)
                0x00121cb6                iWRAP_BLUEGIGA_Protocol::SET_CONTROL_INIT(char const*, int)
                0x0012559e                iWRAP_BLUEGIGA_Protocol::iWRAP_BLUEGIGA_Protocol(UartDeviceAbstract*, int)
                0x00121866                iWRAP_BLUEGIGA_Protocol::TEST(char const*, int)
                0x00122df6                iWRAP_BLUEGIGA_Protocol::SET_LINK_ID_MASTER(int, int)
                0x00123eec                iWRAP_BLUEGIGA_Protocol::CALL(char const*, char const*, iWRAP_BLUEGIGA_Protocol::conenct_mode, int, int)
                0x00121e62                iWRAP_BLUEGIGA_Protocol::SET_BT_AUTH(char const*, int)
                0x00122098                iWRAP_BLUEGIGA_Protocol::SET_BT_BDADDR(int)
                0x001254b0                iWRAP_BLUEGIGA_Protocol::iWRAP_BLUEGIGA_Protocol(UartDeviceAbstract*, int)
                0x00124d00                iWRAP_BLUEGIGA_Protocol::manager()
                0x00121fe2                iWRAP_BLUEGIGA_Protocol::SET_BT_NAME(char const*, int)
                0x00121a4e                iWRAP_BLUEGIGA_Protocol::SDP_ADD(char const*, char const*, int)
                0x00122c08                iWRAP_BLUEGIGA_Protocol::SET_LINK_ID_SNIFF(int, int, int)
                0x00121d6e                iWRAP_BLUEGIGA_Protocol::SET_BT_PAIR(char const*, char const*, int)
                0x001241aa                iWRAP_BLUEGIGA_Protocol::DataAnalyse()
                0x0012351c                iWRAP_BLUEGIGA_Protocol::SET_CONTROL_BAUD(iWRAP_BLUEGIGA_Protocol::baud_rate, iWRAP_BLUEGIGA_Protocol::parity, iWRAP_BLUEGIGA_Protocol::stop_bits, int)
                0x001237e8                iWRAP_BLUEGIGA_Protocol::SET_BT_POWER(int, int, bool, int)
                0x001228f2                iWRAP_BLUEGIGA_Protocol::BOOT(iWRAP_BLUEGIGA_Protocol::boot_mode, int)
                0x00121726                iWRAP_BLUEGIGA_Protocol::ESCAPE_SEQUENCE(int)
                0x0012396a                iWRAP_BLUEGIGA_Protocol::SET_BT_SNIFF(int, int)
                0x00121920                iWRAP_BLUEGIGA_Protocol::SCO_ENABLE(int)
                0x001239f4                iWRAP_BLUEGIGA_Protocol::SET_BT_SNIFF(int, int, int, int, int)
                0x00122d3a                iWRAP_BLUEGIGA_Protocol::SET_LINK_ID_PARK(int, int, int, int)
                0x00123472                iWRAP_BLUEGIGA_Protocol::SET_CONTROL_CD(unsigned char, bool, int)
                0x00125410                iWRAP_BLUEGIGA_Protocol::~iWRAP_BLUEGIGA_Protocol()
                0x00122ba6                iWRAP_BLUEGIGA_Protocol::SET_LINK_ID_MSC(int, char const*, int)
                0x00122d98                iWRAP_BLUEGIGA_Protocol::SET_LINK_ID_SLAVE(int, int)
                0x00121554                iWRAP_BLUEGIGA_Protocol::sendMsg(int)
                0x001236e4                iWRAP_BLUEGIGA_Protocol::SET_CONTROL_AUTOCALL(char const*, int, char const*, int)
                0x00123b38                iWRAP_BLUEGIGA_Protocol::SET_BT_PAGEMODE(iWRAP_BLUEGIGA_Protocol::page_mode, int, iWRAP_BLUEGIGA_Protocol::page_scan_mode, int)
                0x00122794                iWRAP_BLUEGIGA_Protocol::PING(int, int)
                0x00122eb2                iWRAP_BLUEGIGA_Protocol::SET_CONTROL_MSC(iWRAP_BLUEGIGA_Protocol::msc_mode, unsigned short, unsigned short, unsigned short, unsigned short, unsigned short, unsigned short, int)
                0x00122cd8                iWRAP_BLUEGIGA_Protocol::SET_LINK_ID_PARK(int, int, int)
                0x0012212c                iWRAP_BLUEGIGA_Protocol::SET_PROFILE(iWRAP_BLUEGIGA_Protocol::profile_name, char const*, int)
                0x00123356                iWRAP_BLUEGIGA_Protocol::SET_CONTROL_ECHO(iWRAP_BLUEGIGA_Protocol::echo_mask, int)
                0x00121690                iWRAP_BLUEGIGA_Protocol::checkSyntaxErrorTimer()
                0x001223f4                iWRAP_BLUEGIGA_Protocol::INFO(int)
                0x001222b6                iWRAP_BLUEGIGA_Protocol::SET(int)
                0x001238d0                iWRAP_BLUEGIGA_Protocol::SET_BT_SSP(iWRAP_BLUEGIGA_Protocol::spp_capabilities, iWRAP_BLUEGIGA_Protocol::spp_mitm, int)
                0x00122aa2                iWRAP_BLUEGIGA_Protocol::RSSI(int, int)
                0x00124128                iWRAP_BLUEGIGA_Protocol::waitSyntaxErrorSyncroError(int)
                0x001219be                iWRAP_BLUEGIGA_Protocol::SLEEP(int)
                0x00122516                iWRAP_BLUEGIGA_Protocol::PAIR(char const*, int)
                0x0012308e                iWRAP_BLUEGIGA_Protocol::SET_CONTROL_BIND(unsigned char, unsigned short, iWRAP_BLUEGIGA_Protocol::direction, char const*, int)
                0x0012320c                iWRAP_BLUEGIGA_Protocol::SET_CONTROL_MUX(bool, int)
                0x0012161a                iWRAP_BLUEGIGA_Protocol::getMsg(iWRAP_BLUEGIGA_Protocol::iWRAP_msg_struct&)
                0x00122a10                iWRAP_BLUEGIGA_Protocol::TXPOWER(int, int)
                0x00121804                iWRAP_BLUEGIGA_Protocol::AT(int)
                0x0012281a                iWRAP_BLUEGIGA_Protocol::ECHO(int, char const*, int)
                0x00123bda                iWRAP_BLUEGIGA_Protocol::SET_BT_LAP(iWRAP_BLUEGIGA_Protocol::inquiryAccessCode_LAP, int)
                0x00121b3e                iWRAP_BLUEGIGA_Protocol::SDP(char const*, char const*, int)
                0x00121f24                iWRAP_BLUEGIGA_Protocol::SET_BT_CLASS(char const*, int)
                0x00121490                iWRAP_BLUEGIGA_Protocol::sendMsg(iWRAP_BLUEGIGA_Protocol::iWRAP_msg_struct)
                0x00122c6a                iWRAP_BLUEGIGA_Protocol::SET_LINK_ID_SNIFF(int, int, int, int, int, int)
                0x001233e4                iWRAP_BLUEGIGA_Protocol::SET_CONTROL_CONFIG(iWRAP_BLUEGIGA_Protocol::configuration_values, int)
                0x00122b26                iWRAP_BLUEGIGA_Protocol::BER(int, int)
                0x00122684                iWRAP_BLUEGIGA_Protocol::LIST(int)
                0x001232b0                iWRAP_BLUEGIGA_Protocol::SET_CONTROL_ESCAPE(char, unsigned short, iWRAP_BLUEGIGA_Protocol::dtr_mode, int)
                0x0012270e                iWRAP_BLUEGIGA_Protocol::IC(int)
                0x0012233e                iWRAP_BLUEGIGA_Protocol::AUTH(char const*, int)
                0x00122e54                iWRAP_BLUEGIGA_Protocol::SET_LINK_ID_ACTIVE(int, int)
 .text          0x0012568c     0x15ea obj/iWRAP_BLUEGIGA_SPP.o
                0x001259dc                iWRAP_BLUEGIGA_SPP::getMsg(iWRAP_BLUEGIGA_SPP::iWRAP_SSP_msg_struct&)
                0x00125b68                iWRAP_BLUEGIGA_SPP::BER()
                0x00125b6c                iWRAP_BLUEGIGA_SPP::RSSI()
                0x00126acc                iWRAP_BLUEGIGA_SPP::~iWRAP_BLUEGIGA_SPP()
                0x00126aaa                iWRAP_BLUEGIGA_SPP::~iWRAP_BLUEGIGA_SPP()
                0x00125aac                iWRAP_BLUEGIGA_SPP::RESET()
                0x00125c8c                iWRAP_BLUEGIGA_SPP::manager()
                0x00125ace                iWRAP_BLUEGIGA_SPP::SET_BT_NAME()
                0x00125a6e                iWRAP_BLUEGIGA_SPP::VERIFY_BAUD_RATE()
                0x00125b64                iWRAP_BLUEGIGA_SPP::SET_BT_POWER()
                0x00125b70                iWRAP_BLUEGIGA_SPP::TXPOWER()
                0x00125aec                iWRAP_BLUEGIGA_SPP::SET_PROFILE()
                0x00125b46                iWRAP_BLUEGIGA_SPP::SET_CONTROL_MSC()
                0x00125b74                iWRAP_BLUEGIGA_SPP::strMsg(char*, int&)
                0x00126bb2                iWRAP_BLUEGIGA_SPP::iWRAP_BLUEGIGA_SPP(UartDeviceAbstract*, int)
                0x00125ab0                iWRAP_BLUEGIGA_SPP::INFO()
                0x00126aee                iWRAP_BLUEGIGA_SPP::iWRAP_BLUEGIGA_SPP(UartDeviceAbstract*, int)
                0x00125b0a                iWRAP_BLUEGIGA_SPP::SET_BT_AUTH()
                0x00125a52                iWRAP_BLUEGIGA_SPP::changeStatus(iWRAP_BLUEGIGA_SPP::states)
                0x001256be                iWRAP_BLUEGIGA_SPP::iWRAP_timeout_and_error_handler(char*, int, bool)
                0x00125a8c                iWRAP_BLUEGIGA_SPP::CLOSE()
                0x00125b28                iWRAP_BLUEGIGA_SPP::SET_BT_SSP()
                0x00125852                iWRAP_BLUEGIGA_SPP::sendMsg(iWRAP_BLUEGIGA_SPP::iWRAP_SSP_msg_struct)
                0x00125c2c                iWRAP_BLUEGIGA_SPP::CALL(char*)
                0x0012568c                iWRAP_BLUEGIGA_SPP::reset_machinesState()
                0x00125916                iWRAP_BLUEGIGA_SPP::sendMsg(int)
 .text          0x00126c76     0x478e obj/SAU7000_MANAGER.o
                0x00126c76                SAU7000_Manager::~SAU7000_Manager()
                0x00128810                SAU7000_Manager::IR_remoteManager()
                0x00126ca2                SAU7000_Manager::checkADuCStatus(unsigned char)
                0x001277de                SAU7000_Manager::writeToEE_weightCalValue()
                0x00129298                SAU7000_Manager::manager()
                0x00127a22                SAU7000_Manager::changeBTcheckStatus(SAU7000_Manager::BTchk_status)
                0x00127718                SAU7000_Manager::writeToEE_genCalValue(int)
                0x0012734a                SAU7000_Manager::readToEE_genCalValue(int)
                0x00126c7a                SAU7000_Manager::rstPrsSamples()
                0x001288ce                SAU7000_Manager::stop_sampling_and_all_peripherals()
                0x00127aa0                SAU7000_Manager::changeSau7000status(SAU7000_Manager::Sau7000_Status)
                0x001275ba                SAU7000_Manager::readToEE_prsCalValue()
                0x00128542                SAU7000_Manager::getADuCsStatus()
                0x001278fe                SAU7000_Manager::writeToEE_prsCalValue()
                0x00128d0e                SAU7000_Manager::KeyboardManager()
                0x001271fe                SAU7000_Manager::stopWth()
                0x00128732                SAU7000_Manager::ADuCsNormalMode()
                0x001284f8                SAU7000_Manager::getADuCsInfo()
                0x00126c90                SAU7000_Manager::rstWeightSamples()
                0x0012805a                SAU7000_Manager::SAU7000_Manager(Keyboard*, SauPcProtocol*)
                0x0012717a                SAU7000_Manager::stopWtp()
                0x00129154                SAU7000_Manager::ADuC_startupChecks_Init()
                0x00126c78                SAU7000_Manager::~SAU7000_Manager()
                0x00127d74                SAU7000_Manager::SAU7000_Manager(Keyboard*, SauPcProtocol*)
                0x00128688                SAU7000_Manager::startADuCs()
                0x00126d02                SAU7000_Manager::setOverpressureAdcLimit()
                0x00128610                SAU7000_Manager::setADuCsAquisitionParameters()
                0x00129044                SAU7000_Manager::watchDogManager()
                0x00128340                SAU7000_Manager::sendErrorsMsg()
                0x00127468                SAU7000_Manager::readToEE_weightCalValue()
                0x0012858c                SAU7000_Manager::stopADuCs()
 .text          0x0012b404     0x26a6 obj/DPYDRV.o
                0x0012c986                _ST7565_waitIfBusy
                0x0012b45c                _display_testSignals
                0x0012b812                _drv_getTextBlock
                0x0012b42e                _drv_getGraphInfo
                0x0012b5d2                _drv_putTextChar
                0x0012bb60                _drv_vline
                0x0012b59a                _drv_setTextCursDir
                0x0012c69c                _drv_setCursDir
                0x0012be24                _drv_putimage
                0x0012c6b6                _drv_puticon
                0x0012c962                _ST7565_delay
                0x0012bada                _drv_putpixel
                0x0012cb84                _display_init
                0x0012b948                _drv_hline
                0x0012cee2                _drv_putForeChar
                0x0012b480                _display_brightness
                0x0012d166                _drv_putGraphChar
                0x0012b7be                _drv_setTextPointer
                0x0012bdc6                _drv_getpixel
                0x0012cb1e                _display_contrast
                0x0012c99e                _ST7565_data_wr
                0x0012b450                _display_chrsetLoad
                0x0012b908                _drv_putGraphBlock
                0x0012c982                _ST7565_data_rd
                0x0012b544                _drv_setTextCursPos
                0x0012b818                _drv_putTextBlock
                0x0012b5a4                _drv_setGraphCursPos
                0x0012b404                _drv_getTextInfo
                0x0012ca08                _ST7565_cmd_wr
                0x0012b8c8                _drv_getGraphBlock
                0x0012c698                _drv_putPcxPicture
                0x0012ca72                _display_update
                0x0012b876                _drv_fillGraphBlock
                0x0012b460                _display_backlight
                0x0012b7c8                _drv_fillTextBlock
                0x0012b7bc                _drv_scrollTextScreen
 .text          0x0012daaa      0x23e obj/CHRSET.o
                0x0012dbde                _charset_select
                0x0012db1c                _charset_width
                0x0012db48                _charset_getIndex
                0x0012dc8a                _charset_init
                0x0012daaa                _charset_getCurrent
                0x0012dab4                _charset_register
                0x0012db0a                _charset_height
                0x0012daf0                _charset_select_num
 .text          0x0012dce8      0xd62 obj/GRAPH.o
                0x0012e13a                _bar
                0x0012df5c                _getimage
                0x0012dd4a                _setbkcolor
                0x0012df0c                _setvisualpage
                0x0012deb6                _setfillstyle
                0x0012dd04                _getmaxx
                0x0012df0e                _setviewport
                0x0012df54                _settextjustify
                0x0012e3ee                _rectangle
                0x0012e496                _line
                0x0012dfee                _gprintf
                0x0012dd54                _getbkcolor
                0x0012e0cc                _putsmallicon
                0x0012e750                _moverel
                0x0012e9e2                _getarccoords
                0x0012e690                _fillpoly
                0x0012def2                _getaspectratio
                0x0012df0a                _setactivepage
                0x0012dee0                _getfillsettings
                0x0012dcf6                _gety
                0x0012def0                _setaspectratio
                0x0012e7be                _gprintfxy
                0x0012df64                _grapherrormsg
                0x0012df9a                _pieslice
                0x0012dd3c                _getmaxcolor
                0x0012e10e                _putpcxpicture
                0x0012dd2e                _getcolor
                0x0012df52                _settextstyle
                0x0012dee2                getfillpattern(unsigned char*)
                0x0012df9e                _fillellipse
                0x0012e5c8                drawpoly(int, int const*, int)
                0x0012e6fa                _linerel
                0x0012e3d8                _putpixel
                0x0012e124                _putimage
                0x0012df5a                _floodfill
                0x0012defc                _setrgbpalette
                0x0012df58                _arc
                0x0012e24c                _circle
                0x0012dd24                _setcolor
                0x0012df56                _setusercharsize
                0x0012e848                _outtextxy
                0x0012e822                _gputcxy
                0x0012e066                _textheight
                0x0012e03a                _gputc
                0x0012e0ee                _puticon
                0x0012e798                _gputsxy
                0x0012def4                _getpalettesize
                0x0012df10                _getviewsettings
                0x0012e96e                _getpixel
                0x0012defe                _setallpalette
                0x0012df9c                _sector
                0x0012dfa0                _gputs
                0x0012e984                _cleardevice
                0x0012dd14                _getmaxy
                0x0012df98                _ellipse
                0x0012dd64                _setlinestyle
                0x0012ea04                setfillpattern(unsigned char const*, int)
                0x0012e1ce                _bar3d
                0x0012def8                _setpalette
                0x0012e6a8                _lineto
                0x0012df62                _gettextsettings
                0x0012e782                _moveto
                0x0012e050                _textwidth
                0x0012e8fe                _clearviewport
                0x0012dd62                _setwritemode
                0x0012e07c                _outtext
                0x0012defa                _getpalette
                0x0012df00                _getdefaultpalette
                0x0012dce8                _getx
                0x0012df5e                _imagesize
                0x0012de94                _getlinesettings
 .text          0x0012ea4a     0x2402 obj/APPMENU.o
                0x0012eae4                CMenuPage::CMenuPage()
                0x0012fbee                CMenuSwitchOff::CMenuSwitchOff()
                0x0012fa64                CMenuMain::setWTPisMoving(bool)
                0x0012f7fa                CMenuGeneralInfo::setSAUstate(char const*)
                0x0012ea7e                CMenuList::CMenuList()
                0x001309ec                CMenuMessages::Draw()
                0x0012fb5a                CMenuGeneralInfo::CMenuGeneralInfo()
                0x001305ec                CMenuADuCfrqCal::Refresh()
                0x00130602                CMenuADuCstatus::Refresh()
                0x0012eb7e                CMenuLogo::Refresh()
                0x0012ec1e                CMenuPage::~CMenuPage()
                0x00130052                CMenuADuCfrqCal::CMenuADuCfrqCal()
                0x0012f1b6                CMenuMain::setWTPspeed(int)
                0x00130d78                CMenuList::Entry()
                0x001304a2                CMenuInfo::Refresh()
                0x0012f026                CMenuMain::setWTHspeed(int)
                0x00130b64                CMenuADuCstatus::Draw()
                0x0012fc72                CMenuSwitchOff::CMenuSwitchOff()
                0x0013095a                CMenuSwitchOff::Draw()
                0x0012fe4a                CMenuInfo::CMenuInfo()
                0x0012f984                CMenuMain::setLimitSwitch(CMenuMain::LmtSwStatus, CMenuMain::LmtSwStatus)
                0x0012f3a0                CMenuADuCfrqCal::setADuCinfo(int, char const*)
                0x00130346                CMenuGeneralInfo::Refresh()
                0x0012fba4                CMenuGeneralInfo::CMenuGeneralInfo()
                0x00130840                CMenuLogo::Draw()
                0x00130026                CMenuADuCfrqCal::CMenuADuCfrqCal()
                0x0012efc6                CMenuMain::writeWtpSpeed()
                0x0012ff38                CMenuInfo::CMenuInfo()
                0x0012f2d6                CMenuInfo::addStr(char const*)
                0x001307f8                CMenuList::ChangePage(CMenuPage*)
                0x0012edc6                CMenuMessages::setMessage(int, char const*)
                0x0012fda0                CMenuMessages::CMenuMessages()
                0x0012eb0c                CMenuPage::~CMenuPage()
                0x00130a7e                CMenuInfo::Draw()
                0x0012f924                CMenuMain::drawWthLimitSwitches()
                0x00130c4e                CMenuMain::Draw()
                0x0012eb4c                CMenuLogo::CMenuLogo()
                0x00130618                CMenuMain::Refresh()
                0x00130a94                CMenuADuCfrqCal::Draw()
                0x0012ec40                CMenuSwitchOff::setMessage(int, char const*)
                0x0013007e                CMenuADuCstatus::CMenuADuCstatus()
                0x0012eab2                CMenuList::BackPage()
                0x0012eb80                CMenuInfo::strClear()
                0x0012f5d8                CMenuADuCstatus::setADuCstate(int, char const*)
                0x0012fab2                CMenuGeneralInfo::setCOMMico(CMenuGeneralInfo::COMM_icoType, bool)
                0x001308dc                CMenuGeneralInfo::Draw()
                0x0012f8a2                CMenuMain::setWTHisMoving(bool)
                0x0012eafe                CMenuPage::~CMenuPage()
                0x0012ea4a                CMenuList::CMenuList()
                0x001300d6                CMenuMain::CMenuMain()
                0x0012eaca                CMenuPage::CMenuPage()
                0x0013048c                CMenuMessages::Refresh()
                0x001303f0                CMenuSwitchOff::Refresh()
                0x0012eb1a                CMenuLogo::CMenuLogo()
                0x0012ef4c                CMenuMain::writeWthSpeed()
                0x0013020e                CMenuMain::CMenuMain()
                0x001300aa                CMenuADuCstatus::CMenuADuCstatus()
                0x0012fcf6                CMenuMessages::CMenuMessages()
 .text          0x00130e4c        0x0 obj/ICONS.o
 .text          0x00130e4c      0x4c0 obj/EEPROM_SPI.o
                0x001312e0                init_eeprom_spi()
                0x00131214                ee_spi_read(unsigned char, unsigned char*, int)
                0x00130f8c                ee_spi_write(unsigned char, unsigned char*, int)
 .text          0x0013130c        0x0 obj/SAU7000_ADuC_SOURCE.o
 .text          0x0013130c      0x9d8 obj/PROTOCOLADuCfwUPGRADE.o
                0x00131c76                ADuCfwUpgrade_protocol::ADuCfwUpgrade_protocol(UartDeviceAbstract*, int)
                0x00131bc4                ADuCfwUpgrade_protocol::~ADuCfwUpgrade_protocol()
                0x0013174e                ADuCfwUpgrade_protocol::sendSyncro()
                0x0013130c                ADuCfwUpgrade_protocol::getMsg()
                0x00131c08                ADuCfwUpgrade_protocol::ADuCfwUpgrade_protocol(UartDeviceAbstract*, int)
                0x0013177a                ADuCfwUpgrade_protocol::DataAnalyse()
                0x001315c0                ADuCfwUpgrade_protocol::programFlash(unsigned long, unsigned char*, unsigned char)
                0x00131910                ADuCfwUpgrade_protocol::manager()
                0x00131be6                ADuCfwUpgrade_protocol::~ADuCfwUpgrade_protocol()
                0x001313b8                ADuCfwUpgrade_protocol::rstProtocol()
                0x00131690                ADuCfwUpgrade_protocol::erasePage(unsigned long, unsigned char, int)
                0x001314e2                ADuCfwUpgrade_protocol::verifyFlash(unsigned long, unsigned char*, unsigned char)
                0x00131720                ADuCfwUpgrade_protocol::eraseDevice()
                0x0013146a                ADuCfwUpgrade_protocol::runDevice()
                0x00131348                ADuCfwUpgrade_protocol::sendMsg(int)
                0x00131406                ADuCfwUpgrade_protocol::ADuC_upgr_getInfoCmdDecode()
 .text          0x00131ce4      0x624 obj/ADuC_UPGRADEMANAGER.o
                0x00131f76                ADuCUpgradeManger::upgrade()
                0x00132006                ADuCUpgradeManger::manager()
                0x00131d24                ADuCUpgradeManger::~ADuCUpgradeManger()
                0x00131fe0                ADuCUpgradeManger::erase()
                0x00131d4c                ADuCUpgradeManger::getLoaderRevision()
                0x0013222e                ADuCUpgradeManger::syncronize()
                0x00131eee                ADuCUpgradeManger::run()
                0x00131d04                ADuCUpgradeManger::ADuCUpgradeManger(ADuCfwUpgrade_protocol*)
                0x00131d26                ADuCUpgradeManger::~ADuCUpgradeManger()
                0x00131d28                ADuCUpgradeManger::getProductID()
                0x00131de2                ADuCUpgradeManger::ADuC_hwSerialLoader()
                0x00131f0c                ADuCUpgradeManger::verify()
                0x00131d5e                ADuCUpgradeManger::keepReset()
                0x00132254                ADuCUpgradeManger::abort()
                0x00131d3a                ADuCUpgradeManger::getMemorySize()
                0x00131ce4                ADuCUpgradeManger::ADuCUpgradeManger(ADuCfwUpgrade_protocol*)
                0x00132298                ADuCUpgradeManger::startUpgrade()
                0x00131ec0                ADuCUpgradeManger::cycle_delay(int)
                0x00131d6e                ADuCUpgradeManger::ADuC_hwReset()
                0x00131dcc                ADuCUpgradeManger::hwReset()
 .text          0x00132308     0x2984 obj/TIMER_NEC.o
                0x00132d2c                Timer_NEC_P024::setFrequency(double, Timer_NEC::CCRn)
                0x0013231a                Timer_NEC::Timer_NEC(NEC_timer_Generic_t volatile*)
                0x00133dfa                Timer_NEC_Q::setTxnOL3(Timer_NEC::TxnOL3, bool)
                0x00133da6                Timer_NEC_Q::setTxnOE2(Timer_NEC::TxnOE2, bool)
                0x00133226                Timer_NEC_P024::setPrescaler(Timer_NEC_P024::Prescalers, bool)
                0x001333b4                Timer_NEC_P024::setCCR1(unsigned short, bool, bool)
                0x001323d4                Timer_NEC::setTimerMode(Timer_NEC::TimerMode, bool)
                0x00132724                Timer_NEC::setValidEdgeExtCountTIxn1(Timer_NEC::ValidEdgeExtCountTIxn1, bool)
                0x00133f32                Timer_NEC_Q::setValidEdgeCaptureTrigTIxn3(Timer_NEC::ValidEdgeCaptureTrigTIxn3, bool)
                0x00132ca8                Timer_NEC_P024::Timer_NEC_P024(NEC_timerP_t volatile*, NEC_timerP_Int_t volatile*)
                0x00132abe                Timer_NEC_P::setPeriod(double, Timer_NEC::CCRn)
                0x001338fe                Timer_NEC_P135::calculateFrequency(Timer_NEC::CCRn)
                0x00134456                Timer_NEC_Q::setPrescaler(Timer_NEC_Q::Prescalers, bool, bool)
                0x00133e50                Timer_NEC_Q::setTxnOE3(Timer_NEC::TxnOE3, bool)
                0x00132608                Timer_NEC::setValidEdgeCaptureTrigTIxn1(Timer_NEC::ValidEdgeCaptureTrigTIxn1, bool)
                0x00132a52                Timer_NEC_P::Timer_NEC_P(NEC_timerP_t volatile*, NEC_timerP_Int_t volatile*)
                0x001325b4                Timer_NEC::setTxnOE0(Timer_NEC::TxnOE0, bool)
                0x0013351e                Timer_NEC_P135::setFrequency(double, Timer_NEC::CCRn)
                0x00132c58                Timer_NEC_P024::Timer_NEC_P024(NEC_timerP_t volatile*, NEC_timerP_Int_t volatile*)
                0x0013419a                Timer_NEC_Q::setCCR2(unsigned short, bool, bool)
                0x0013250c                Timer_NEC::setTxnOE1(Timer_NEC::TxnOE1, bool)
                0x00134230                Timer_NEC_Q::setCCR3(unsigned short, bool, bool)
                0x00132560                Timer_NEC::setTxnOL0(Timer_NEC::TxnOL0, bool)
                0x00134366                Timer_NEC_Q::setCCIC1_interrupt(bool, unsigned char)
                0x00134104                Timer_NEC_Q::setCCR1(unsigned short, bool, bool)
                0x0013299c                Timer_NEC::setCCR(Timer_NEC::CCRn, unsigned short)
                0x0013232c                Timer_NEC::setTxnEST(Timer_NEC::TxnEST, bool)
                0x0013310c                Timer_NEC_P024::calculateFrequency(Timer_NEC::CCRn)
                0x00132cf8                Timer_NEC_P024::setEnable(bool)
                0x001324b8                Timer_NEC::setTxnOL1(Timer_NEC::TxnOL1, bool)
                0x0013406e                Timer_NEC_Q::setCCR0(unsigned short, bool, bool)
                0x00132894                Timer_NEC::setTxnCCR0_selection(Timer_NEC::TxnCCR0_selection, bool)
                0x00134316                Timer_NEC_Q::setCCIC0_interrupt(bool, unsigned char)
                0x00132308                Timer_NEC::Timer_NEC(NEC_timer_Generic_t volatile*)
                0x0013477e                Timer_NEC_Q::setFrequency(double, Timer_NEC::CCRn)
                0x001327b2                Timer_NEC::setValidEdgeExtCountTIxn0(Timer_NEC::ValidEdgeExtCountTIxn0, bool)
                0x00133d1e                Timer_NEC_Q::setEnable(bool)
                0x00134406                Timer_NEC_Q::setCCIC3_interrupt(bool, unsigned char)
                0x00134664                Timer_NEC_Q::calculateFrequency(Timer_NEC::CCRn)
                0x00132a88                Timer_NEC_P::Timer_NEC_P(NEC_timerP_t volatile*, NEC_timerP_Int_t volatile*)
                0x00132380                Timer_NEC::setTxnEEE(Timer_NEC::TxnEEE, bool)
                0x00132b18                Timer_NEC_P::setCCR0(unsigned short, bool, bool)
                0x00133c72                Timer_NEC_Q::Timer_NEC_Q(NEC_timerQ_t volatile*, NEC_timerQ_Int_t volatile*)
                0x00133b10                Timer_NEC_P135::setCCR0(unsigned short, bool, bool)
                0x001343b6                Timer_NEC_Q::setCCIC2_interrupt(bool, unsigned char)
                0x00132696                Timer_NEC::setValidEdgeCaptureTrigTIxn0(Timer_NEC::ValidEdgeCaptureTrigTIxn0, bool)
                0x00132c08                Timer_NEC_P::setCCIC1_interrupt(bool, unsigned char)
                0x0013344a                Timer_NEC_P135::Timer_NEC_P135(NEC_timerP_t volatile*, NEC_timerP_Int_t volatile*)
                0x0013331e                Timer_NEC_P024::setCCR0(unsigned short, bool, bool)
                0x00133a18                Timer_NEC_P135::setPrescaler(Timer_NEC_P135::Prescalers, bool)
                0x00133d52                Timer_NEC_Q::setTxnOL2(Timer_NEC::TxnOL2, bool)
                0x00132bb8                Timer_NEC_P::setCCIC0_interrupt(bool, unsigned char)
                0x00133ca8                Timer_NEC_Q::setPeriod(double, Timer_NEC::CCRn)
                0x001328e8                Timer_NEC::getCCR(Timer_NEC::CCRn)
                0x0013349a                Timer_NEC_P135::Timer_NEC_P135(NEC_timerP_t volatile*, NEC_timerP_Int_t volatile*)
                0x001334ea                Timer_NEC_P135::setEnable(bool)
                0x00133c3c                Timer_NEC_Q::Timer_NEC_Q(NEC_timerQ_t volatile*, NEC_timerQ_Int_t volatile*)
                0x00133fc4                Timer_NEC_Q::setTxnCCR2_selection(Timer_NEC::TxnCCR2_selection, bool)
                0x00133ea4                Timer_NEC_Q::setValidEdgeCaptureTrigTIxn2(Timer_NEC::ValidEdgeCaptureTrigTIxn2, bool)
                0x001342c6                Timer_NEC_Q::setOVIC_interrupt(bool, unsigned char)
                0x00132840                Timer_NEC::setTxnCCR1_selection(Timer_NEC::TxnCCR1_selection, bool)
                0x00134018                Timer_NEC_Q::setTxnCCR3_selection(Timer_NEC::TxnCCR3_selection, bool)
                0x00133ba6                Timer_NEC_P135::setCCR1(unsigned short, bool, bool)
                0x00132b68                Timer_NEC_P::setOVIC_interrupt(bool, unsigned char)
                0x00132b40                Timer_NEC_P::setCCR1(unsigned short, bool, bool)
 .text          0x00134c8c      0x190 obj/PWMABSTRACT.o
                0x00134de0                pwmAbstract::setPwmTonDuty(unsigned short)
                0x00134dfe                pwmAbstract::setPwmToffDuty(unsigned short)
                0x00134cce                pwmAbstract::pwmAbstract(TimerAbstract*)
                0x00134d44                pwmAbstract::pwmAbstract(TimerAbstract*)
                0x00134c8c                pwmAbstract::~pwmAbstract()
                0x00134dba                pwmAbstract::setPwmPeriod(double)
                0x00134ca8                pwmAbstract::setPwmFrq(double)
                0x00134c9a                pwmAbstract::~pwmAbstract()
 .text          0x00134e1c      0xdb8 obj/PWM_NEC.o
                0x00135b40                NECpwmTimer::NECpwmTimer(Timer_NEC*, unsigned short)
                0x00134fc4                NECpwMeasurentTimer::getTime(unsigned long)
                0x001350cc                NECpwMeasurentTimer::rstTimerOverflow()
                0x00135940                NECpwmTimer::setPwmToffDuty(unsigned short)
                0x001357ec                NECpwMeasurentTimer::pulseMeasureAvailableHigh()
                0x0013593a                NECpwMeasurentTimer::setMeasurementState(pwMeasurementAbstract::MeasurementState)
                0x0013553e                NECpwMeasurentTimer::getPulseMeasurement(pwMeasurementAbstract::PulseWidthMeasurement&)
                0x001350fc                NECpwMeasurentTimer::setTimeBase(unsigned long, pwMeasurementAbstract::TimeUnit)
                0x001357f8                NECpwMeasurentTimer::manager()
                0x00134e1c                NECpwmTimer::setPwmFrq(double)
                0x00135382                NECpwMeasurentTimer::NECpwMeasurentTimer(Timer_NEC*, Timer_NEC::CCRn)
                0x00134f72                NECpwmTimer::setPulseCountEnable(bool)
                0x0013589c                NECpwMeasurentTimer::pushCountLow(unsigned long)
                0x001359d4                NECpwmTimer::setPwmTonDuty(unsigned short)
                0x00134e7a                NECpwmTimer::setPwmPeriod(double)
                0x00135898                NECpwMeasurentTimer::popCountLow(unsigned long&)
                0x00135aac                NECpwmTimer::NECpwmTimer(Timer_NEC*, unsigned short)
                0x00135a68                NECpwmTimer::~NECpwmTimer()
                0x00134fb6                NECpwMeasurentTimer::~NECpwMeasurentTimer()
                0x001357e0                NECpwMeasurentTimer::pulseMeasureAvailableLow()
                0x00134ed8                NECpwmTimer::setEnable(bool, bool)
                0x00134fa8                NECpwMeasurentTimer::~NECpwMeasurentTimer()
                0x00135690                NECpwMeasurentTimer::getPulseMeasurementLow(unsigned long&)
                0x00135934                NECpwMeasurentTimer::whatMeasuring()
                0x001350d2                NECpwMeasurentTimer::setEnable(bool)
                0x0013572c                NECpwMeasurentTimer::getPulseMeasurementHigh(unsigned long&)
                0x001357cc                NECpwMeasurentTimer::pulseMeasureAvailable()
                0x00135460                NECpwMeasurentTimer::NECpwMeasurentTimer(Timer_NEC*, Timer_NEC::CCRn)
                0x00135a8a                NECpwmTimer::~NECpwmTimer()
                0x001357fa                NECpwMeasurentTimer::popCountHigh(unsigned long&)
                0x001357fe                NECpwMeasurentTimer::pushCountHigh(unsigned long)
 .text          0x00135bd4      0xbf8 obj/WTH.o
                0x00136122                WthMenfis::checkLimitSwitchesStatus()
                0x00136116                WthMenfis::setLmtSwLowStatus(WthAbstract::LimitSwitchStatus)
                0x0013649a                WthMenfis::WthMenfis(pwmAbstract*, pwmAbstract*)
                0x00135be2                WthMenfis::~WthMenfis()
                0x00135bf0                WthMenfis::setLinearVelocity(double, bool)
                0x0013611c                WthMenfis::setLmtSwHighStatus(WthAbstract::LimitSwitchStatus)
                0x0013658c                WthMenfis::manger()
                0x00135d06                WthMenfis::setEnable(bool, bool)
                0x00135bd4                WthMenfis::~WthMenfis()
                0x00135ff2                WthMenfis::setStep(double)
                0x00135f8c                WthMenfis::power(bool)
                0x001363a8                WthMenfis::WthMenfis(pwmAbstract*, pwmAbstract*)
 .text          0x001367cc      0x8a6 obj/IR_Toshiba_protocol.o
                0x001369fa                Toshiba_IR_protocol::dcdData_bit_hadler(pwMeasurementAbstract::PulseWidthMeasurement)
                0x00136838                Toshiba_IR_protocol::Toshiba_IR_protocol(pwMeasurementAbstract*)
                0x001368b2                Toshiba_IR_protocol::~Toshiba_IR_protocol()
                0x00136936                Toshiba_IR_protocol::pushError(IR_protocolAbstract::IR_protocolErrors)
                0x001368a4                Toshiba_IR_protocol::~Toshiba_IR_protocol()
                0x00136c2a                Toshiba_IR_protocol::pushData(IR_protocolAbstract::IR_data_t)
                0x00136ee8                Toshiba_IR_protocol::manager()
                0x001368c0                Toshiba_IR_protocol::decodeBit(pwMeasurementAbstract::PulseWidthMeasurement)
                0x00136a60                Toshiba_IR_protocol::IRd_waitingStx_handler()
                0x001368ec                Toshiba_IR_protocol::pop_IR_Data(IR_protocolAbstract::IR_data_t&)
                0x001367cc                Toshiba_IR_protocol::Toshiba_IR_protocol(pwMeasurementAbstract*)
                0x00136c98                Toshiba_IR_protocol::IRd_decodingData_handler()
                0x00136df6                Toshiba_IR_protocol::IRd_waitingEtx_handler()
                0x001369b8                Toshiba_IR_protocol::bitError()
 .text          0x00137072      0x9f8 obj/IR_RC5_Standard_protocol.o
                0x001374d6                RC5_Standard_IR_protocol::IRd_waitingStx_handler()
                0x00137072                RC5_Standard_IR_protocol::RC5_Standard_IR_protocol(pwMeasurementAbstract*)
                0x00137462                RC5_Standard_IR_protocol::dcdData_bit_hadler()
                0x0013716a                RC5_Standard_IR_protocol::~RC5_Standard_IR_protocol()
                0x00137898                RC5_Standard_IR_protocol::manager()
                0x001377dc                RC5_Standard_IR_protocol::IRd_decodingData_handler()
                0x00137186                RC5_Standard_IR_protocol::decodeBit()
                0x00137178                RC5_Standard_IR_protocol::~RC5_Standard_IR_protocol()
                0x001370ee                RC5_Standard_IR_protocol::RC5_Standard_IR_protocol(pwMeasurementAbstract*)
                0x0013733e                RC5_Standard_IR_protocol::pop_IR_Data(IR_protocolAbstract::IR_data_t&)
                0x00137388                RC5_Standard_IR_protocol::pushError(IR_protocolAbstract::IR_protocolErrors)
                0x0013776e                RC5_Standard_IR_protocol::pushData(IR_protocolAbstract::IR_data_t)
                0x0013740a                RC5_Standard_IR_protocol::bitError()
 .text          0x00137a6a      0x9ba obj/IR_remote.o
                0x00137c26                IR_Key::IR_Key()
                0x00137d8e                IR_Remote::manager()
                0x00137ac6                IR_Key::setCountinuousReading(bool, int)
                0x00137b1c                IR_Key::setKeyState(KeyAbstract::keyStates)
                0x00137fce                IR_Remote::~IR_Remote()
                0x00137a6a                IR_Key::~IR_Key()
                0x001382ae                IR_Key::manager()
                0x00137b76                IR_Key::IR_Key()
                0x00137d12                IR_Key::push(KeyAbstract::keyReadingValues)
                0x00137cd6                IR_Key::pop(KeyAbstract::keyReadingValues&)
                0x00137a86                IR_Key::setEnable(bool, int)
                0x0013812e                IR_Remote::IR_Remote(int, IR_protocolAbstract*)
                0x001381ee                IR_Remote::IR_Remote(int, IR_protocolAbstract*)
                0x00137a78                IR_Key::~IR_Key()
                0x0013807e                IR_Remote::~IR_Remote()
 .text          0x00138424      0x118 obj/SPI_ABSTRACT.o
                0x001384d0                SPI_Abstract::setCommunicationType(SPI_Abstract::CommunicationType, bool)
                0x00138518                SPI_Abstract::setBitTransferLenght(SPI_Abstract::BitTransferLenght, bool)
                0x001384ac                SPI_Abstract::setTransferModeSpecification(SPI_Abstract::TransferModeSpecification, bool)
                0x001384f4                SPI_Abstract::setCommunicationClock(SPI_Abstract::CommunicationClock, bool)
                0x00138456                SPI_Abstract::SPI_Abstract()
                0x00138424                SPI_Abstract::SPI_Abstract()
                0x00138488                SPI_Abstract::setTransferModeDirection(SPI_Abstract::TransferModeDirection, bool)
 .text          0x0013853c      0xb1e obj/SPI_NEC.o
                0x00138ad0                SPI_NEC::setCommunicationClock(SPI_Abstract::CommunicationClock, bool)
                0x0013853c                SPI_NEC::setPowerEnable(bool)
                0x00138714                SPI_Interrupt_NEC::rx_getc(unsigned char&)
                0x00138e5a                SPI_NEC::SPI_NEC(spi_nec_t volatile*)
                0x00138670                SPI_Interrupt_NEC::setRxInterrupt(bool, unsigned char)
                0x001385a2                SPI_NEC::setReceptionEnable(bool)
                0x001388de                SPI_Interrupt_NEC::tx_write(unsigned char*, int)
                0x00138c8e                SPI_NEC::setTransferModeSpecification(SPI_Abstract::TransferModeSpecification, bool)
                0x001386c0                SPI_Interrupt_NEC::tx_getc_isr()
                0x00138f06                SPI_Interrupt_NEC::SPI_Interrupt_NEC(spi_nec_t volatile*, unsigned char volatile*, unsigned char volatile*, int, int)
                0x001387aa                SPI_Interrupt_NEC::busy()
                0x00138892                SPI_Interrupt_NEC::rx_read(unsigned char*, int)
                0x00138dae                SPI_NEC::SPI_NEC(spi_nec_t volatile*)
                0x00138570                SPI_NEC::setTransmissionEnable(bool)
                0x001385ee                SPI_Poller_NEC::getc(unsigned short)
                0x00138764                SPI_Interrupt_NEC::startTrasmission()
                0x00138bec                SPI_NEC::setCommunicationType(SPI_Abstract::CommunicationType, bool)
                0x00138610                SPI_Poller_NEC::busy()
                0x00138986                SPI_NEC::setBitTransferLenght(SPI_Abstract::BitTransferLenght, bool)
                0x001387e8                SPI_Interrupt_NEC::tx_putc(unsigned char)
                0x00138fb0                SPI_Interrupt_NEC::SPI_Interrupt_NEC(spi_nec_t volatile*, unsigned char volatile*, unsigned char volatile*, int, int)
                0x001385d4                SPI_Poller_NEC::putc(unsigned short)
                0x001386f4                SPI_Interrupt_NEC::tx_isempty_isr()
                0x00138d1e                SPI_NEC::setTransferModeDirection(SPI_Abstract::TransferModeDirection, bool)
                0x00138620                SPI_Interrupt_NEC::setTxInterrupt(bool, unsigned char)
                0x001387ba                SPI_Interrupt_NEC::rx_putc_isr(unsigned char)
 .text          0x0013905a      0x854 obj/TMC262_DRV.o
                0x00139868                TMC262_StepperDriver::read_DRVSTARTUS(TMC262_StepperDriver::DRVCONF_ValueToRead)
                0x0013952e                TMC262_StepperDriver::write_DRVCTRL()
                0x0013905a                TMC262_StepperDriver::Init()
                0x0013949c                TMC262_StepperDriver::write_DRVCONF()
                0x001395ea                TMC262_StepperDriver::write_CHOPCONF()
                0x001396fa                TMC262_StepperDriver::write_SMARTEN()
                0x001393ec                TMC262_StepperDriver::decodeDRVSTATUS(unsigned long)
                0x00139318                TMC262_StepperDriver::setEnable(bool)
                0x0013912c                TMC262_StepperDriver::TMC262_StepperDriver(SPI_Abstract*)
                0x00139222                TMC262_StepperDriver::TMC262_StepperDriver(SPI_Abstract*)
                0x0013931e                TMC262_StepperDriver::transmitData(unsigned long)
                0x00139772                TMC262_StepperDriver::write_SGSFCONF()
                0x001397d2                TMC262_StepperDriver::manager()
 .text          0x001398ae      0xc34 obj/WTP.o
                0x001398ae                WtpMenfis::driverInit()
                0x00139962                WtpMenfis::accRampInitialParameters()
                0x0013a31a                WtpMenfis::setEnable(bool)
                0x0013a410                WtpMenfis::manager()
                0x00139a2a                WtpMenfis::accelerationRamp()
                0x0013a054                WtpMenfis::setVelocityPulse(unsigned long)
                0x00139cde                WtpMenfis::WtpMenfis(pwmAbstract*, TMC262_StepperDriver*, Timer_NEC*)
                0x00139adc                WtpMenfis::readCalibrationValue()
                0x00139942                WtpMenfis::power(bool)
                0x0013a10c                WtpMenfis::setVelocity(double, bool)
                0x00139fbe                WtpMenfis::writeCalibrationValue(wtpCalibration_t*)
                0x00139e4e                WtpMenfis::WtpMenfis(pwmAbstract*, TMC262_StepperDriver*, Timer_NEC*)
 .text          0x0013a4e2      0x730 obj/SSPIE_HARDWARE.o
                0x0013a4fa                wait(int)
                0x0013a4e6                SPI_final()
                0x0013a52a                TRANS_starttranx(unsigned char)
                0x0013abdc                dbgu_putint(int, int)
                0x0013a570                TRANS_cstoggle(unsigned char)
                0x0013a540                TRANS_endtranx()
                0x0013a78a                TRANS_transceive_stream(int, unsigned char*, int, int, unsigned char*, int, unsigned char*)
                0x0013a554                TRANS_runClk()
                0x0013a694                TRANS_receiveBytes(unsigned char*, int)
                0x0013a4e2                dbgu_init()
                0x0013a59e                TRANS_transmitBytes(unsigned char*, int)
                0x0013abc4                SPI_init()
 .text          0x0013ac12     0x13d6 obj/SSPIE_CORE.o
                0x0013adda                SSPIEm_process(unsigned char*, unsigned int)
                0x0013ac12                getCurrentChannel()
                0x0013ac68                VME_getNumber(unsigned char*, unsigned int, unsigned int*, unsigned int*)
                0x0013ad2c                proc_HCOMMENT(unsigned char*, unsigned int, unsigned int*, checksum*)
                0x0013ac1c                VME_getByte(unsigned char*, unsigned char*, unsigned int, unsigned int*)
                0x0013b098                proc_LOOP(unsigned char*, unsigned int, unsigned int*, unsigned int)
                0x0013bb28                SSPIEm_init(unsigned int)
                0x0013b4a0                proc_TRANS(unsigned char*, unsigned int, unsigned int*, unsigned char, unsigned char)
                0x0013b298                proc_REPEAT(unsigned char*, unsigned int, unsigned int*, unsigned int)
 .text          0x0013bfe8      0xdea obj/SSPIE_INTRFACE.o
                0x0013c122                get_compression()
                0x0013c118                set_compression(unsigned char)
                0x0013c12c                dataGetByte(unsigned char*, short, checksum*)
                0x0013c01c                algoInit()
                0x0013bfe8                algoPreset(unsigned char*, unsigned int)
                0x0013c3ca                dataLoadTOC(short)
                0x0013c080                algoFinal()
                0x0013c044                algoGetByte(unsigned char*)
                0x0013c09c                dataPreset(unsigned char*, unsigned int)
                0x0013c10e                getRequestNewData()
                0x0013c5e6                dataReadthroughComment()
                0x0013c0f2                dataFinal()
                0x0013c20a                decomp_getByte(unsigned char*)
                0x0013c74e                dataRequestSet(unsigned char)
                0x0013c8e2                HLDataGetByte(unsigned char, unsigned char*, unsigned int)
                0x0013c66e                dataReset(unsigned char)
                0x0013cc82                dataInit()
                0x0013c2f8                decomp_initFrame(int)
                0x0013c1c8                decomp_getNum()
 .text          0x0013cdd2      0x330 obj/SSPIE_MAIN.o
                0x0013cfde                SSPIE_main()
                0x0013cdd2                printError(int)
 .text          0x0013d102       0x58 obj/SSPIE_SSPIEm.o
                0x0013d124                SSPIEm_preset(unsigned char*, unsigned int, unsigned char*, unsigned int)
                0x0013d102                SSPIEm(unsigned int)
 .text          0x0013d15a      0x17a obj/SSPIE_UTIL.o
                0x0013d19e                setMessage(int, char const*)
                0x0013d168                getCheckSum(checksum*)
                0x0013d268                print_out_string(char const*)
                0x0013d180                putChunk(checksum*, unsigned int)
                0x0013d15a                init_CS(checksum*, short, short)
 .text          0x0013d2d4      0x7f0 obj/ADuCSETTING.o
                0x0013d9e4                ADuCsetting::checkSettingConsistency_DAC()
                0x0013d4aa                ADuCsetting::Init_DAC()
                0x0013d2d8                ADuCsetting::Init_ADC()
                0x0013d414                ADuCsetting::ADuCsetting()
                0x0013d4d0                ADuCsetting::Init_PWM()
                0x0013da84                ADuCsetting::get_ADC_P_NumBytesToSend()
                0x0013d4fa                ADuCsetting::checkSettingConsistency_ADC()
                0x0013d394                ADuCsetting::ADuCsetting()
                0x0013d9e0                ADuCsetting::checkSettingConsistency_IEXC()
                0x0013d494                ADuCsetting::Init_IEXC()
                0x0013da24                ADuCsetting::checkSettingConsistency()
                0x0013d2d6                ADuCsetting::~ADuCsetting()
                0x0013daa4                ADuCsetting::get_ADC_A_NumBytesToSend()
                0x0013da20                ADuCsetting::checkSettingConsistency_PWM()
                0x0013d2d4                ADuCsetting::~ADuCsetting()
 .text          0x0013dac4       0x20 c:\gcc850\lib\libc.a(lib_a-atoi.o)
                0x0013dad4                _atoi
                0x0013dac4                __atoi_r
 .text          0x0013dae4       0x14 c:\gcc850\lib\libc.a(lib_a-isxdigit.o)
                0x0013dae4                _isxdigit
 .text          0x0013daf8       0x20 c:\gcc850\lib\libc.a(lib_a-memcpy.o)
                0x0013daf8                _memcpy
 .text          0x0013db18       0x38 c:\gcc850\lib\libc.a(lib_a-strcat.o)
                0x0013db18                _strcat
 .text          0x0013db50       0x34 c:\gcc850\lib\libc.a(lib_a-strcmp.o)
                0x0013db50                _strcmp
 .text          0x0013db84       0x20 c:\gcc850\lib\libc.a(lib_a-strcpy.o)
                0x0013db84                _strcpy
 .text          0x0013dba4       0x1a c:\gcc850\lib\libc.a(lib_a-strlen.o)
                0x0013dba4                _strlen
 .text          0x0013dbbe       0x4e c:\gcc850\lib\libc.a(lib_a-strncpy.o)
                0x0013dbbe                _strncpy
 .text          0x0013dc0c      0x226 c:\gcc850\lib\libc.a(lib_a-strtol.o)
                0x0013de18                _strtol
                0x0013dc0c                __strtol_r
 .text          0x0013de32       0x18 c:\gcc850\lib\libc.a(lib_a-toupper.o)
                0x0013de32                _toupper
 .text          0x0013de4a        0x0 c:\gcc850\lib\libc.a(lib_a-ctype_.o)
 .text          0x0013de4a        0x0 c:\gcc850\lib\libc.a(lib_a-impure.o)
 .text          0x0013de4a       0x3e c:\gcc850\lib\libgcc.a(_mulsi3.o)
                0x0013de4a                ___mulsi3
 .text          0x0013de88       0x32 c:\gcc850\lib\libgcc.a(_divsi3.o)
                0x0013de88                ___divsi3
 .text          0x0013deba       0x36 c:\gcc850\lib\libgcc.a(_udivsi3.o)
                0x0013deba                ___udivsi3
 .text          0x0013def0       0x2a c:\gcc850\lib\libgcc.a(_modsi3.o)
                0x0013def0                ___modsi3
 .text          0x0013df1a       0x2a c:\gcc850\lib\libgcc.a(_umodsi3.o)
                0x0013df1a                ___umodsi3
 .text          0x0013df44       0x18 c:\gcc850\lib\libgcc.a(_save_31c.o)
                0x0013df50                __return_r31
                0x0013df44                __save_r31
 .text          0x0013df5c       0x36 c:\gcc850\lib\libgcc.a(_fixunssfsi.o)
                0x0013df5c                ___fixunssfsi
 .text          0x0013df92      0x25e c:\gcc850\lib\libgcc.a(_addsub_sf.o)
                0x0013e138                ___subsf3
                0x0013e19a                ___addsf3
 .text          0x0013e1f0      0x174 c:\gcc850\lib\libgcc.a(_mul_sf.o)
                0x0013e1f0                ___mulsf3
 .text          0x0013e364      0x11c c:\gcc850\lib\libgcc.a(_div_sf.o)
                0x0013e364                ___divsf3
 .text          0x0013e480       0x66 c:\gcc850\lib\libgcc.a(_ne_sf.o)
                0x0013e480                ___nesf2
 .text          0x0013e4e6       0x60 c:\gcc850\lib\libgcc.a(_gt_sf.o)
                0x0013e4e6                ___gtsf2
 .text          0x0013e546       0x60 c:\gcc850\lib\libgcc.a(_ge_sf.o)
                0x0013e546                ___gesf2
 .text          0x0013e5a6       0x66 c:\gcc850\lib\libgcc.a(_lt_sf.o)
                0x0013e5a6                ___ltsf2
 .text          0x0013e60c       0x66 c:\gcc850\lib\libgcc.a(_le_sf.o)
                0x0013e60c                ___lesf2
 .text          0x0013e672       0x70 c:\gcc850\lib\libgcc.a(_si_to_sf.o)
                0x0013e672                ___floatsisf
 .text          0x0013e6e2       0x82 c:\gcc850\lib\libgcc.a(_sf_to_si.o)
                0x0013e6e2                ___fixsfsi
 .text          0x0013e764        0x0 c:\gcc850\lib\libgcc.a(_thenan_sf.o)
 .text          0x0013e764       0x7a c:\gcc850\lib\libgcc.a(_usi_to_sf.o)
                0x0013e764                ___floatunsisf
 *fill*         0x0013e7de        0x2 00
 .text          0x0013e7e0       0x38 c:\gcc850\lib\libgcc.a(_save_26c.o)
                0x0013e7fc                __return_r26_r31
                0x0013e7e0                __save_r26_r31
 .text          0x0013e818       0x30 c:\gcc850\lib\libgcc.a(_save_27c.o)
                0x0013e818                __save_r27_r31
                0x0013e830                __return_r27_r31
 .text          0x0013e848       0x28 c:\gcc850\lib\libgcc.a(_save_28c.o)
                0x0013e848                __save_r28_r31
                0x0013e85c                __return_r28_r31
 .text          0x0013e870       0xde c:\gcc850\lib\libgcc.a(_muldi3.o)
                0x0013e870                ___muldi3
 .text          0x0013e94e       0x58 c:\gcc850\lib\libgcc.a(_clzsi2.o)
                0x0013e94e                ___clzsi2
 .text          0x0013e9a6      0x118 c:\gcc850\lib\libgcc.a(_pack_sf.o)
                0x0013e9a6                ___pack_f
 .text          0x0013eabe       0xaa c:\gcc850\lib\libgcc.a(_unpack_sf.o)
                0x0013eabe                ___unpack_f
 .text          0x0013eb68       0x8c c:\gcc850\lib\libgcc.a(_fpcmp_parts_sf.o)
                0x0013eb68                ___fpcmp_parts_f
 .text          0x0013ebf4        0x0 c:\gcc850\lib\libgcc.a(_clz.o)
                0x0013ec00                . = ALIGN (0x10)
 *fill*         0x0013ebf4        0xc 00
 *(.call_table_text)
 *(.gnu.warning)
 *(.gnu.linkonce.t*)
 .gnu.linkonce.t._ZN9HwChannelIsLi40EE13physicalValueEs
                0x0013ec00       0x3a obj/main.o
                0x0013ec00                HwChannel<short, 40>::physicalValue(short)
 .gnu.linkonce.t._ZN9HwChannelIlLi4EE13physicalValueEl
                0x0013ec3a       0x36 obj/main.o
                0x0013ec3a                HwChannel<long, 4>::physicalValue(long)
 .gnu.linkonce.t._ZN16PrsHwChanManagerIsLi40EE14getChannelTypeEv
                0x0013ec70        0xe obj/main.o
                0x0013ec70                PrsHwChanManager<short, 40>::getChannelType()
 .gnu.linkonce.t._ZN13HwChanManagerIsLi40EE14getChannelTypeEv
                0x0013ec7e        0x4 obj/main.o
                0x0013ec7e                HwChanManager<short, 40>::getChannelType()
 .gnu.linkonce.t._ZN13HwChanManagerIlLi4EE14getChannelTypeEv
                0x0013ec82        0x4 obj/main.o
                0x0013ec82                HwChanManager<long, 4>::getChannelType()
 .gnu.linkonce.t._ZN6StringD0Ev
                0x0013ec86       0x4e obj/STRCLASS.o
                0x0013ec86                String::~String()