Archive member included because of file (symbol)

c:\gcc850\lib\libc.a(lib_a-atoi.o)
                              obj/util.o (_atoi)
c:\gcc850\lib\libc.a(lib_a-isxdigit.o)
                              obj/PRINT.o (_isxdigit)
c:\gcc850\lib\libc.a(lib_a-memcpy.o)
                              obj/util.o (_memcpy)
c:\gcc850\lib\libc.a(lib_a-strcat.o)
                              obj/iWRAP_BLUEGIGA.o (_strcat)
c:\gcc850\lib\libc.a(lib_a-strcmp.o)
                              obj/STRCLASS.o (_strcmp)
c:\gcc850\lib\libc.a(lib_a-strcpy.o)
                              obj/STRCLASS.o (_strcpy)
c:\gcc850\lib\libc.a(lib_a-strlen.o)
                              obj/STRCLASS.o (_strlen)
c:\gcc850\lib\libc.a(lib_a-strncpy.o)
                              obj/iWRAP_BLUEGIGA_SPP.o (_strncpy)
c:\gcc850\lib\libc.a(lib_a-strtol.o)
                              c:\gcc850\lib\libc.a(lib_a-atoi.o) (__strtol_r)
c:\gcc850\lib\libc.a(lib_a-toupper.o)
                              obj/PRINT.o (_toupper)
c:\gcc850\lib\libc.a(lib_a-ctype_.o)
                              c:\gcc850\lib\libc.a(lib_a-isxdigit.o) (___ctype_ptr__)
c:\gcc850\lib\libc.a(lib_a-impure.o)
                              c:\gcc850\lib\libc.a(lib_a-strtol.o) (__impure_ptr)
c:\gcc850\lib\libgcc.a(_mulsi3.o)
                              obj/PRINT.o (___mulsi3)
c:\gcc850\lib\libgcc.a(_divsi3.o)
                              obj/util.o (___divsi3)
c:\gcc850\lib\libgcc.a(_udivsi3.o)
                              obj/main.o (___udivsi3)
c:\gcc850\lib\libgcc.a(_modsi3.o)
                              obj/PRINT.o (___modsi3)
c:\gcc850\lib\libgcc.a(_umodsi3.o)
                              obj/main.o (___umodsi3)
c:\gcc850\lib\libgcc.a(_save_31c.o)
                              c:\gcc850\lib\libc.a(lib_a-atoi.o) (__save_r31)
c:\gcc850\lib\libgcc.a(_fixunssfsi.o)
                              obj/SOUND.o (___fixunssfsi)
c:\gcc850\lib\libgcc.a(_addsub_sf.o)
                              obj/SOUND.o (___subsf3)
c:\gcc850\lib\libgcc.a(_mul_sf.o)
                              obj/main.o (___mulsf3)
c:\gcc850\lib\libgcc.a(_div_sf.o)
                              obj/PRINT.o (___divsf3)
c:\gcc850\lib\libgcc.a(_ne_sf.o)
                              obj/util.o (___nesf2)
c:\gcc850\lib\libgcc.a(_gt_sf.o)
                              obj/PROTOCOL_uC.o (___gtsf2)
c:\gcc850\lib\libgcc.a(_ge_sf.o)
                              obj/PROTOCOL_uC.o (___gesf2)
c:\gcc850\lib\libgcc.a(_lt_sf.o)
                              obj/PROTOCOL_uC.o (___ltsf2)
c:\gcc850\lib\libgcc.a(_le_sf.o)
                              obj/TIMER_NEC.o (___lesf2)
c:\gcc850\lib\libgcc.a(_si_to_sf.o)
                              obj/main.o (___floatsisf)
c:\gcc850\lib\libgcc.a(_sf_to_si.o)
                              obj/PRINT.o (___fixsfsi)
c:\gcc850\lib\libgcc.a(_thenan_sf.o)
                              c:\gcc850\lib\libgcc.a(_addsub_sf.o) (___thenan_sf)
c:\gcc850\lib\libgcc.a(_usi_to_sf.o)
                              obj/SWTIM.o (___floatunsisf)
c:\gcc850\lib\libgcc.a(_save_26c.o)
                              c:\gcc850\lib\libgcc.a(_addsub_sf.o) (__save_r26_r31)
c:\gcc850\lib\libgcc.a(_save_27c.o)
                              c:\gcc850\lib\libgcc.a(_mul_sf.o) (__save_r27_r31)
c:\gcc850\lib\libgcc.a(_save_28c.o)
                              c:\gcc850\lib\libgcc.a(_fixunssfsi.o) (__save_r28_r31)
c:\gcc850\lib\libgcc.a(_muldi3.o)
                              c:\gcc850\lib\libgcc.a(_mul_sf.o) (___muldi3)
c:\gcc850\lib\libgcc.a(_clzsi2.o)
                              c:\gcc850\lib\libgcc.a(_si_to_sf.o) (___clzsi2)
c:\gcc850\lib\libgcc.a(_pack_sf.o)
                              c:\gcc850\lib\libgcc.a(_addsub_sf.o) (___pack_f)
c:\gcc850\lib\libgcc.a(_unpack_sf.o)
                              c:\gcc850\lib\libgcc.a(_addsub_sf.o) (___unpack_f)
c:\gcc850\lib\libgcc.a(_fpcmp_parts_sf.o)
                              c:\gcc850\lib\libgcc.a(_ne_sf.o) (___fpcmp_parts_f)
c:\gcc850\lib\libgcc.a(_clz.o)
                              c:\gcc850\lib\libgcc.a(_clzsi2.o) (___clz_tab)

Discarded input sections

 .gnu.linkonce.t._ZN16KeyboardAbstract13getKeysNumberEv
                0x00000000        0x0 obj/KEYBOARD.o
 .gnu.linkonce.t._ZN11AdcAbstract8setPowerEb
                0x00000000        0x0 obj/ADC_NEC.o
 .gnu.linkonce.t._ZN11AdcAbstract9isPoweredEv
                0x00000000        0x0 obj/ADC_NEC.o
 .gnu.linkonce.t._ZN11AdcAbstract9setEnableEb
                0x00000000        0x0 obj/ADC_NEC.o
 .gnu.linkonce.t._ZN11AdcAbstract8isEnableEv
                0x00000000        0x0 obj/ADC_NEC.o
 .gnu.linkonce.r._ZTV11AdcAbstract
                0x00000000        0x0 obj/ADC_NEC.o
 .gnu.linkonce.t._ZN7Adc_NEC9isPoweredEv
                0x00000000        0x0 obj/ADC_SAU7000.o
 .gnu.linkonce.t._ZN7Adc_NEC8isEnableEv
                0x00000000        0x0 obj/ADC_SAU7000.o
 .gnu.linkonce.t._ZN18UartDeviceAbstract6TurnOnEv
                0x00000000        0x0 obj/UARTNEC.o
[...]
Memory Configuration

Name             Origin             Length             Attributes
text             0x00007000         0x00038fff
rodata           0x00040000         0x00007fff
message          0x00048000         0x0005ffff
data             0x03ff3000         0x00005fff
stack            0x03ffcfe0         0x00002000
xdata            0x00100000         0x0000ffff
*default*        0x00000000         0xffffffff
ramcode          0x00000000         0xffffffff
tdata            0x00000000         0xffffffff
rosdata          0x00000000         0xffffffff
sdata            0x00000000         0xffffffff
disk             0x00000000         0xffffffff

Linker script and memory map

LOAD obj/startup.o

.init
 *(.init)

.plt
 *(.plt)

.text           0x00007000    0x345d2
                0x00007000                __stext = .
                0x00007000                __ctbp = .
 *(.call_table_data)
                0x00007000                . = ALIGN (0x10)
 *(.text)
 .text          0x00007000      0x7f4 obj/startup.o
                0x00007720                __return_interrupt
                0x000077e8                _cpu_initial
                0x00007000                _irqJump
                0x00007790                __restore_all_interrupt
                0x00007738                __save_all_interrupt
                0x00007700                __save_interrupt
 .text          0x000077f4       0x94 obj/crt0.o
                0x000077f4                _start
 .text          0x00007888       0x56 obj/crt1.o
                0x00007888                ___main
 .text          0x000078de     0x321c obj/main.o
                0x000090ea                UartProcol_init()
                0x000078de                __wait(int)
                0x00008dd0                wtp_Init()
                0x0000a57c                hwsw_init()
                0x00007c6e                fpga_pin_init()
                0x0000794c                FlashLed()
                0x0000a32a                wth_Init()
                0x00008302                GrCpuMemTest(unsigned short*, unsigned short*)
                0x00007918                breakpoint()
                0x00008fbc                page_init()
                0x00009a2e                HwChannels_init()
                0x00007cb6                clearAllBuffers()
                0x00008636                IR_remoteInit()
                0x00007a06                pin_init()
                0x0000a010                fpga_config()
                0x00007d44                _irq_INTUA0R_INTCB4R
                0x0000991a                KeyboardInit()
                0x0000821c                Asciihex_to_num(char*)
                0x000083ea                adc_uC_init()
                0x0000824a                Num_to_Asciihex(unsigned short, char*)
                0x00007e38                _irq_INTUA0T_INTCB4T
                0x0000a880                _main
 .text          0x0000aafa      0xa84 obj/IRQSG2.o
                0x0000b28a                _irq_INTCB1R
                0x0000aafa                _irq_init
                0x0000b164                _irq_INTTP4CC1
                0x0000b1b8                _irq_INTTP5CC0
                0x0000ad5a                _irq_INTP2
                0x0000adaa                _irq_INTP4
                0x0000b0bc                _irq_INTTP3CC0
                0x0000afc0                _irq_INTTP1CC0
                0x0000af6c                _irq_INTTP0CC1
                0x0000ac1a                _irq_RESET
                0x0000aeee                _irq_INTTQ0CC3
                0x0000ab94                _irq_resetVect
                0x0000ad32                _irq_INTP1
                0x0000b4d6                _irq_INTDMA3
                0x0000acba                _irq_ILGOP_TRAPDB
                0x0000b308                _irq_INTCB2T
                0x0000b554                _irq_INTWT
                0x0000b236                _irq_INTCB0R_INTIIC1
                0x0000b4ac                _irq_INTDMA2
                0x0000af42                _irq_INTTP0CC0
                0x0000b03e                _irq_INTTP2CC0
                0x0000b13a                _irq_INTTP4CC0
                0x0000ace2                _irq_INTLVI
                0x0000b18e                _irq_INTTP5OV
                0x0000b092                _irq_INTTP3OV
                0x0000b458                _irq_INTDMA0
                0x0000b42e                _irq_INTAD
                0x0000b1e2                _irq_INTTP5CC1
                0x0000adfa                _irq_INTP6
                0x0000ad82                _irq_INTP3
                0x0000ac42                _irq_NMI
                0x0000b260                _irq_INTCB0T
                0x0000ae4a                _irq_INTTQ0OV
                0x0000afea                _irq_INTTP1CC1
                0x0000b35c                _irq_INTCB3T
                0x0000b404                _irq_INTUA2T
                0x0000b2de                _irq_INTCB2R
                0x0000ab3c                _irq_setVect
                0x0000b500                _irq_INTKR
                0x0000b20c                _irq_INTTM0EQ0
                0x0000ad0a                _irq_INTP0
                0x0000ae9a                _irq_INTTQ0CC1
                0x0000b2b4                _irq_INTCB1T
                0x0000abcc                _irq_chkErrors
                0x0000b3da                _irq_INTUA2R_INTIIC0
                0x0000b068                _irq_INTTP2CC1
                0x0000b332                _irq_INTCB3R
                0x0000add2                _irq_INTP5
                0x0000b0e6                _irq_INTTP3CC1
                0x0000ae22                _irq_INTP7
                0x0000ac6a                _irq_TRAP0
                0x0000b52a                _irq_INTWTI
                0x0000af96                _irq_INTTP1OV
                0x0000b110                _irq_INTTP4OV
                0x0000ac92                _irq_TRAP1
                0x0000b3b0                _irq_INTUA1T
                0x0000aec4                _irq_INTTQ0CC2
                0x0000b014                _irq_INTTP2OV
                0x0000b386                _irq_INTUA1R_INTIIC2
                0x0000af18                _irq_INTTP0OV
                0x0000b482                _irq_INTDMA1
                0x0000ae72                _irq_INTTQ0CC0
 .text          0x0000b57e       0x1e obj/ERROR.o
                0x0000b588                _error_trace
                0x0000b57e                _error_init
 .text          0x0000b59c      0x282 obj/ALLOC.o
                0x0000b59c                _mem_init
                0x0000b64a                _mem_alloc
                0x0000b60c                _mem_count
                0x0000b626                _mem_left
                0x0000b74a                _mem_free
 .text          0x0000b81e       0xa0 obj/NEW.o
                0x0000b840                operator delete(void*)
                0x0000b862                operator new[](unsigned int)
                0x0000b890                operator new(unsigned int)
                0x0000b81e                operator delete[](void*)
 .text          0x0000b8be      0x3e4 obj/STRCLASS.o
                0x0000bb80                String::String(char const*)
                0x0000b8be                String::String()
                0x0000b8e0                String::String()
                0x0000b902                String::operator=(char const*)
                0x0000b9aa                String::init(char*)
                0x0000ba4a                String::String(String const&)
                0x0000bbf2                String::operator=(String const&)
                0x0000baac                String::String(String const&)
                0x0000bb0e                String::String(char const*)
 .text          0x0000bca2      0xaf6 obj/PRINT.o
                0x0000c76e                _sprintf
                0x0000c11a                _vsprintf
                0x0000bfe8                _abort
                0x0000bfea                __strtoul
 .text          0x0000c798      0x10c obj/SWTIM.o
                0x0000c798                Timer::Timer()
                0x0000c7a2                Timer::Timer()
                0x0000c802                IncTimer::getMsec()
                0x0000c7ac                IncTimer::getTime()
                0x0000c83a                DecTimer::Match()
 .text          0x0000c8a4      0x71c obj/util.o
                0x0000c8c4                strset(char*, int)
                0x0000c8dc                HexToInt(int&, char*, int)
                0x0000cae0                skipWhites(unsigned char*)
                0x0000cbd4                addstr(char*, char const*)
                0x0000cb7a                fsumstr(char*, char*, int, int, int)
                0x0000ca5e                ltrim(char*)
                0x0000ca5a                matherr(exception*)
                0x0000ce24                cdaten(char*)
                0x0000cb50                sumstr(char*, char*, int, int)
                0x0000cdca                cdate(char*)
                0x0000cd7c                chgext(char*, char*)
                0x0000caa6                rtrim(char*)
                0x0000c9e4                windowFilter(short*, short*, int, int, int)
                0x0000cb0e                packWhites(unsigned char*)
                0x0000cc04                fmtReal(long, int, int)
                0x0000c8a4                my_pow10(short)
                0x0000ccfc                pperc(char*, double, double)
                0x0000cec8                IntToHex(int, char*, int)
 .text          0x0000cfc0      0x77a obj/sioSG2.o
                0x0000d332                _sio_getc_ch1
                0x0000d1fa                _sio_disable_rx_interrupt_ch1
                0x0000d24a                _sio_disable_tx_interrupt_ch1
                0x0000d1dc                _sio_enable_rx_interrupt_ch2
                0x0000d3c6                _sio_clocksel_ch2
                0x0000d22c                _sio_enable_tx_interrupt_ch2
                0x0000d57e                _sio_fill_ch3
                0x0000d222                _sio_enable_tx_interrupt_ch1
                0x0000d026                _sio_init_ch1
                0x0000d240                _sio_disable_tx_interrupt_ch0
                0x0000d6e6                _sio_getw_ch3
                0x0000d524                _sio_xfr_ch3
                0x0000d1f0                _sio_disable_rx_interrupt_ch0
                0x0000d448                _sio_xfr_ch2
                0x0000d4ea                _sio_getc_ch3
                0x0000d2b0                _sio_getc_ch0
                0x0000d300                _sio_putc_ch1
                0x0000d20e                _sio_disable_rx_interrupt_ch3
                0x0000d1e6                _sio_enable_rx_interrupt_ch3
                0x0000d1c8                _sio_enable_rx_interrupt_ch0
                0x0000d25e                _sio_disable_tx_interrupt_ch3
                0x0000d40e                _sio_getc_ch2
                0x0000d254                _sio_disable_tx_interrupt_ch2
                0x0000d4de                _sio_busy_ch3
                0x0000d236                _sio_enable_tx_interrupt_ch3
                0x0000d27e                _sio_putc_ch0
                0x0000d402                _sio_busy_ch2
                0x0000d63c                _sio_read_ch3
                0x0000d2ea                _sio_clocksel_ch1
                0x0000d268                _sio_clocksel_ch0
                0x0000d5da                _sio_write_ch3
                0x0000d326                _sio_busy_ch1
                0x0000d6a0                _sio_putw_ch3
                0x0000d4b8                _sio_putc_ch3
                0x0000d0f2                _sio_init_ch2
                0x0000d2a4                _sio_busy_ch0
                0x0000d1d2                _sio_enable_rx_interrupt_ch1
                0x0000cfc0                _sio_init_ch0
                0x0000d218                _sio_enable_tx_interrupt_ch0
                0x0000d204                _sio_disable_rx_interrupt_ch2
                0x0000d4a2                _sio_clocksel_ch3
                0x0000d36c                _sio_xfr_ch1
                0x0000d14e                _sio_init_ch3
                0x0000d3dc                _sio_putc_ch2
 .text          0x0000d73a      0x554 obj/SOUND.o
                0x0000d944                _goBuzzer
                0x0000d778                _shutBuzzer
                0x0000d764                _buzzer_isPlaying
                0x0000d73a                buzzer_stop()
                0x0000d80e                buzzer_start()
                0x0000d9e2                _buzzer_init
                0x0000d890                _goBuzzerTimes
                0x0000db54                _buzzerManager
                0x0000d78e                setPWM(unsigned short, unsigned char)
                0x0000d76e                _buzzerSound
 .text          0x0000dc8e      0x452 obj/KEYABSTRACT.o
                0x0000e066                KeyboardAbstract::popKey(int, KeyAbstract::keyReadingValues&)
                0x0000ddec                KeyboardAbstract::setEnable(int, bool, int)
                0x0000deec                KeyboardAbstract::setBeepEnable(int, bool)
                0x0000df9c                KeyboardAbstract::push(int)
                0x0000ddac                KeyboardAbstract::isEnable(int)
                0x0000dcda                KeyboardAbstract::~KeyboardAbstract()
                0x0000e0a8                KeyboardAbstract::clearKey(int)
                0x0000dd36                KeyboardAbstract::setKeyName(int, int)
                0x0000dce8                KeyboardAbstract::~KeyboardAbstract()
                0x0000df2a                KeyboardAbstract::clear()
                0x0000deac                KeyboardAbstract::beepIsEnable(int)
                0x0000dc8e                KeyboardAbstract::KeyboardAbstract(int)
                0x0000e026                KeyboardAbstract::keyState(int)
                0x0000de2c                KeyboardAbstract::continuousReadingIsEnable(int)
                0x0000dcf6                KeyboardAbstract::pop(int&)
                0x0000dcb4                KeyboardAbstract::KeyboardAbstract(int)
                0x0000de6c                KeyboardAbstract::setCountinuousReading(int, bool, int)
                0x0000dd70                KeyboardAbstract::keyName(int)
 .text          0x0000e0e0      0x90e obj/KEYBOARD.o
                0x0000e892                Key::manager()
                0x0000e6c6                Keyboard::Keyboard(int)
                0x0000e39e                Key::pinValue()
                0x0000e61e                Keyboard::~Keyboard()
                0x0000e0e0                Key::~Key()
                0x0000e576                Keyboard::~Keyboard()
                0x0000e0fc                Key::setEnable(bool, int)
                0x0000e2e6                Key::pop(KeyAbstract::keyReadingValues&)
                0x0000e424                Keyboard::manager()
                0x0000e322                Key::push(KeyAbstract::keyReadingValues)
                0x0000e2d6                Key::setCountinuousReading(bool, int)
                0x0000e12e                Key::Key(unsigned char volatile*, unsigned char, kindOfKey)
                0x0000e7ac                Keyboard::Keyboard(int)
                0x0000e3be                Keyboard::setKeyPin(int, unsigned char volatile*, unsigned char)
                0x0000e202                Key::Key(unsigned char volatile*, unsigned char, kindOfKey)
                0x0000e0ee                Key::~Key()
 .text          0x0000e9ee       0x28 obj/ADCABSTRACT.o
                0x0000e9ee                AdcSpiAbstract::AdcSpiAbstract(SPI_Abstract*)
                0x0000ea02                AdcSpiAbstract::AdcSpiAbstract(SPI_Abstract*)
 .text          0x0000ea16      0x844 obj/ADC_NEC.o
                0x0000f17c                Adc_NEC::Adc_NEC(adc_nec_t volatile*, adcConv_nec_t volatile*, adc_nec_interrupt_t volatile*)
                0x0000ed3c                Adc_NEC::setConversionSpeed(Adc_NEC::ConversionSpeed, bool)
                0x0000ef1c                Adc_NEC::setInputChannel(Adc_NEC::AnalogInput, bool)
                0x0000ec00                Adc_NEC::setTriggerModeSpecification(Adc_NEC::TriggerModeSpec, bool)
                0x0000ea16                Adc_NEC::setPower(bool)
                0x0000f208                Adc_NEC::setADIC_interrupt(bool, unsigned char)
                0x0000f0f0                Adc_NEC::Adc_NEC(adc_nec_t volatile*, adcConv_nec_t volatile*, adc_nec_interrupt_t volatile*)
                0x0000ec90                Adc_NEC::setHwTriggerSource(Adc_NEC::HwTriggerSource, bool)
                0x0000edcc                Adc_NEC::setConversionTime(Adc_NEC::ConversionTime, bool)
                0x0000ea40                Adc_NEC::setEnable(bool)
                0x0000eb3a                Adc_NEC::setSpecificationOnExternalTrigger(Adc_NEC::SpecOfExtTrigger, bool)
                0x0000ea74                Adc_NEC::setConversionMode(Adc_NEC::ConversionMode, bool)
 .text          0x0000f25a     0x19f0 obj/ADC_SAU7000.o
                0x00010836                Adc_NEC_SAU7000::manager()
                0x0000f2f2                Adc_NEC_SAU7000::getCurrentAdcData(unsigned short*)
                0x0000f25a                Adc_NEC_SAU7000::getVoltageAdcData(unsigned short*)
                0x0000fe78                Adc_NEC_SAU7000::Adc_NEC_SAU7000(adc_nec_t volatile*, adcConv_nec_t volatile*, adc_nec_interrupt_t volatile*)
                0x0000f422                Adc_NEC_SAU7000::pushCurrentAdcDataToChan(int, unsigned short)
                0x0000f38a                Adc_NEC_SAU7000::pushVoltageAdcDataToChan(int, unsigned short)
                0x0000f4ba                Adc_NEC_SAU7000::Adc_NEC_SAU7000(adc_nec_t volatile*, adcConv_nec_t volatile*, adc_nec_interrupt_t volatile*)
 .text          0x00010c4a      0xa90 obj/UARTABSTRACT.o
                0x000111a6                UartRingBuffer::read_isr(char*, int)
                0x0001113a                UartDeviceAbstract::TransmitData(unsigned char const*, int)
                0x00010f62                UartDeviceAbstract::usec_delay(int)
                0x00011286                UartRingBuffer::read(char*, int)
                0x0001163a                UartDeviceAbstract::UartDeviceAbstract(int, int)
                0x000116c4                UartRingBuffer::UartRingBuffer(int)
                0x000114a0                UartDeviceAbstract::~UartDeviceAbstract()
                0x00010cf6                UartRingBuffer::puts_isr(char*)
                0x00010dfa                UartDeviceAbstract::SetStopBits(UartDeviceAbstract::UARTStopBits, bool)
                0x00011556                UartRingBuffer::resize(int)
                0x0001159a                UartRingBuffer::UartRingBuffer(int)
                0x00010f72                UartRingBuffer::write_isr(char const*, int)
                0x00010c9c                UartRingBuffer::puts(char*)
                0x00010c4a                UartRingBuffer::zeroIndex()
                0x00011170                UartDeviceAbstract::TransmitString(char const*)
                0x0001139e                UartRingBuffer::destroy()
                0x00011366                UartDeviceAbstract::ReceiveData(unsigned char*, int&)
                0x00010c7e                UartRingBuffer::UartRingBuffer()
                0x00010e1e                UartDeviceAbstract::SetBaudRate(UartDeviceAbstract::UARTBaudRate, bool)
                0x00010dd6                UartDeviceAbstract::SetFrameBits(UartDeviceAbstract::UARTFrameBits, bool)
                0x000114f4                UartRingBuffer::~UartRingBuffer()
                0x00010e3a                UartDeviceAbstract::SetHwFlwCtl(UartDeviceAbstract::UARThwFlwCnt, bool)
                0x00010db6                UartDeviceAbstract::SetParity(UartDeviceAbstract::UARTParity, bool)
                0x0001144c                UartDeviceAbstract::~UartDeviceAbstract()
                0x00010f3c                UartDeviceAbstract::ClearReceptionBuffer()
                0x00011512                UartRingBuffer::alloc(int)
                0x00010d50                UartRingBuffer::used()
                0x000113d4                UartRingBuffer::~UartRingBuffer()
                0x00011054                UartRingBuffer::write(char const*, int)
                0x00010e5e                UartDeviceAbstract::TransmitData(unsigned char)
                0x00010c60                UartRingBuffer::UartRingBuffer()
                0x00010ee8                UartDeviceAbstract::ReceiveData(char&)
                0x00010d88                UartRingBuffer::used_isr()
                0x000115b0                UartDeviceAbstract::UartDeviceAbstract(int, int)
                0x000113f2                UartDeviceAbstract::~UartDeviceAbstract()
                0x00010ec6                UartDeviceAbstract::ClearTransmissionBuffer()
 .text          0x000116da      0x546 obj/UARTNEC.o
                0x00011aac                UartNEC::UartNEC(uart_nec_t volatile*, UartDeviceAbstract::UARTParity, UartDeviceAbstract::UARTFrameBits, UartDeviceAbstract::UARTStopBits, UartDeviceAbstract::UARTBaudRate, int, int)
                0x00011b66                UartNEC::UartNEC(uart_nec_t volatile*, UartDeviceAbstract::UARTParity, UartDeviceAbstract::UARTFrameBits, UartDeviceAbstract::UARTStopBits, UartDeviceAbstract::UARTBaudRate, int, int)
                0x0001196c                UartNEC::SetParity(UartDeviceAbstract::UARTParity, bool)
                0x00011880                UartNEC::SetStopBits(UartDeviceAbstract::UARTStopBits, bool)
                0x00011a50                UartNEC::~UartNEC()
                0x00011a76                UartNEC::~UartNEC()
                0x000118f6                UartNEC::SetFrameBits(UartDeviceAbstract::UARTFrameBits, bool)
                0x00011704                UartNEC::SetBaudRate(UartDeviceAbstract::UARTBaudRate, bool)
                0x000116da                UartNEC::HwInit()
                0x00011a2a                UartNEC::~UartNEC()
 .text          0x00011c20      0x740 obj/UARTFPGA.o
                0x0001212e                UartFPGA::~UartFPGA()
                0x00011c20                UartFPGA::SetHwFlwCtl(UartDeviceAbstract::UARThwFlwCnt, bool)
                0x000120f0                UartFPGA::~UartFPGA()
                0x00011c94                UartFPGA::SetBaudRate(UartDeviceAbstract::UARTBaudRate, bool)
                0x000121b0                UartFPGA::UartFPGA(uart_fpga_t volatile*, UartDeviceAbstract::UARTParity, UartDeviceAbstract::UARTFrameBits, UartDeviceAbstract::UARTStopBits, UartDeviceAbstract::UARTBaudRate, UartDeviceAbstract::UARThwFlwCnt, int, int)
                0x00011f5e                UartFPGA::HwInit()
                0x00012008                UartFPGA::TurnOff()
                0x0001216c                UartFPGA::~UartFPGA()
                0x00012288                UartFPGA::UartFPGA(uart_fpga_t volatile*, UartDeviceAbstract::UARTParity, UartDeviceAbstract::UARTFrameBits, UartDeviceAbstract::UARTStopBits, UartDeviceAbstract::UARTBaudRate, UartDeviceAbstract::UARThwFlwCnt, int, int)
                0x00012066                UartFPGA::TurnOn()
                0x00011ddc                UartFPGA::HwTransfer()
 .text          0x00012360      0xd6a obj/PROTOCOLSTDUART.o
                0x00012b4e                stdUartProtocolAbstraction::stdUartProtocolAbstraction(UartDeviceAbstract*)
                0x0001236e                stdUartProtocolAbstraction::~stdUartProtocolAbstraction()
                0x00012648                stdUartProtocolAbstraction::addDataToReceivingBuffer(unsigned char, int)
                0x00012856                stdUartProtocolAbstraction::calculateChecksum(unsigned char*, int)
                0x00012ee8                stdUartProtocolAbstraction::checkTimeOutElapsed()
                0x00012b36                stdUartProtocolAbstraction::setBypassMode(bool, UartDeviceAbstract*)
                0x00012360                stdUartProtocolAbstraction::~stdUartProtocolAbstraction()
                0x00012e4a                stdUartProtocolAbstraction::SendCommand(unsigned char*, int, int)
                0x000125f4                stdUartProtocolAbstraction::addDataToReceivingBuffer(unsigned char*, int, int)
                0x0001258c                stdUartProtocolAbstraction::rstError()
                0x00012778                stdUartProtocolAbstraction::popPacketReceived(int&)
                0x0001237c                stdUartProtocolAbstraction::restoreIntialCondition()
                0x00012f52                stdUartProtocolAbstraction::manager()
                0x000125ec                stdUartProtocolAbstraction::IsTransmissionAvailable()
                0x0001238a                stdUartProtocolAbstraction::setError(int, bool)
                0x0001249e                stdUartProtocolAbstraction::DataAnalyse()
                0x00012cac                stdUartProtocolAbstraction::stdUartProtocolAbstraction(UartDeviceAbstract*)
                0x0001287a                stdUartProtocolAbstraction::popMultiMessage(unsigned char*, int&)
                0x000125a6                stdUartProtocolAbstraction::getLastError()
                0x00012e0a                stdUartProtocolAbstraction::setLastDataReceivedBuffer(int)
                0x0001299e                stdUartProtocolAbstraction::pushMultiMessages(unsigned char*, int)
                0x000125f0                stdUartProtocolAbstraction::IsReceptionAvailable()
                0x00012812                stdUartProtocolAbstraction::getNewPacketReceived()
                0x00012690                stdUartProtocolAbstraction::setReceivedOpCode(int)
                0x000125ac                stdUartProtocolAbstraction::popError()
                0x00012818                stdUartProtocolAbstraction::rstNewPacketReceived()
 .text          0x000130ca     0x233e obj/PROTOCOLSAUANDPC.o
                0x00013b80                SauPcProtocol::sendSauPcWeightSamples(long*, int)
                0x00015044                SauPcProtocol::~SauPcProtocol()
                0x00013cea                SauPcProtocol::sendSauPcAcquisitionStopped(unsigned char)
                0x00013252                SauPcProtocol::getMsg()
                0x00013aca                SauPcProtocol::sendSauPcEmgContactImpSamples(unsigned short*, int)
                0x00013a4c                SauPcProtocol::sendSauPcWtp(unsigned short, unsigned char, unsigned char, unsigned long)
                0x000138a0                SauPcProtocol::sendSauPcJumpedToLoader()
                0x000137ee                SauPcProtocol::sendAcknowledge(unsigned char)
                0x00013952                SauPcProtocol::sendSauPcBubble(unsigned char, unsigned char, bool, bool, bool, bool)
                0x0001338a                SauPcProtocol::sendMotorsCalibrationValues(wtpCalibration_t*, unsigned char)
                0x00013eda                SauPcProtocol::sendSauPcEmgSamples(unsigned short*, int)
                0x00013300                SauPcProtocol::sendOverpressureInfo(short, overpressure_bitF_t, overpressure_bitF_t)
                0x000138f6                SauPcProtocol::sendSauPcRemoteKey(int)
                0x00013f7e                SauPcProtocol::sendSauPcGenSamples(unsigned short*, int)
                0x00013664                SauPcProtocol::sendPrsCalibrationValues(unsigned char)
                0x000131aa                SauPcProtocol::checksum(unsigned char, unsigned char)
                0x000130ca                SauPcProtocol::sendEmgCalibrationValues(unsigned char)
                0x00015094                SauPcProtocol::~SauPcProtocol()
                0x000150e4                SauPcProtocol::SauPcProtocol(UartDeviceAbstract*, int)
                0x00013c50                SauPcProtocol::sendSauPcErrors(unsigned char*, int)
                0x000130ce                SauPcProtocol::checkOpCode(unsigned char)
                0x000139ce                SauPcProtocol::sendSauPcWth(unsigned char, unsigned short, unsigned char, unsigned char, unsigned short)
                0x0001378a                SauPcProtocol::sendDisplaySetting(unsigned char, unsigned char, unsigned char)
                0x00013d9c                SauPcProtocol::sendSauPcStatus(unsigned char*, int)
                0x00013292                SauPcProtocol::sendWtpSpeedCalibration(unsigned long, unsigned char)
                0x0001353e                SauPcProtocol::sendWeightCalibrationValues(unsigned char)
                0x00015276                SauPcProtocol::SauPcProtocol(UartDeviceAbstract*, int)
                0x00014022                SauPcProtocol::sendSauPcInfo(unsigned short*, unsigned char, unsigned short, char*, char*, char*)
                0x000131de                SauPcProtocol::sendMsg(int)
                0x0001345a                SauPcProtocol::sendGenericCalibrationValues(unsigned char)
                0x00013d46                SauPcProtocol::sendSauPcAcquisitionStarted()
                0x00014284                SauPcProtocol::manager()
                0x00014c5a                SauPcProtocol::DataAnalyse()
                0x00013e36                SauPcProtocol::sendSauPcPrsSamples(short*, int)
                0x0001384a                SauPcProtocol::sendSauPc_emgz_JumpedToLoader()
 .text          0x00015408     0x308c obj/PROTOCOL_uC.o
                0x00015ff6                ADuC_PRS_protocol::packetLost_01_handler()
                0x000155d4                uC_Protocol::__decode_StopAcquisitionCmd()
                0x00015968                uC_Protocol::sendMsg(int)
                0x0001831e                ADuC_GEN_protocol::ADuC_GEN_protocol(UartDeviceAbstract*, int)
                0x0001571c                uC_Protocol::checkOpCode(unsigned char)
                0x00017200                uC_Protocol::__decode_Set_IEXC_Cmd()
                0x00015b80                ADuC_WEIGHT_protocol::samplePacket_01_decode()
                0x00016e8e                uC_Protocol::sendRequest_Info()
                0x000176a2                uC_Protocol::manager()
                0x000157c4                uC_Protocol::checkPacketsLost(unsigned char, unsigned char)
                0x0001605e                ADuC_GEN_protocol::samplePacket_03_decode()
                0x00018378                ADuC_PRS_protocol::ADuC_PRS_protocol(UartDeviceAbstract*, int)
                0x0001602a                ADuC_GEN_protocol::packetLost_03_handler()
                0x0001556c                uC_Protocol::__decode_SatusCmd()
                0x00015682                uC_Protocol::__decode_ErrorCmd()
                0x00018116                uC_Protocol::uC_Protocol(UartDeviceAbstract*, int)
                0x00017c40                uC_Protocol::DataAnalyse()
                0x000170ea                uC_Protocol::__decode_Set_DAC_Cmd()
                0x00015630                uC_Protocol::__decode_NotAckCmd()
                0x00017f68                uC_Protocol::uC_Protocol(UartDeviceAbstract*, int)
                0x000182c4                ADuC_GEN_protocol::ADuC_GEN_protocol(UartDeviceAbstract*, int)
                0x000157dc                uC_Protocol::__decode_Sample_03_Cmd()
                0x00016528                ADuC_WEIGHT_protocol::ADuCDefaultSetting()
                0x00015408                uC_Protocol::__decode_InfoCmd()
                0x00016ef0                uC_Protocol::__decode_Set_PWM_Cmd()
                0x000172a8                uC_Protocol::__decode_Set_ADC_Cmd()
                0x00015602                uC_Protocol::__decode_AckCmd()
                0x000162fe                ADuC_PRS_protocol::ADuCDefaultSetting()
                0x00016baa                uC_Protocol::sendRequest_Setting_PWM()
                0x00016c02                uC_Protocol::sendRequest_Setting_DAC()
                0x00015860                uC_Protocol::__decode_Sample_02_Cmd()
                0x0001844e                ADuC_WEIGHT_protocol::ADuC_WEIGHT_protocol(UartDeviceAbstract*, int)
                0x00016a1c                uC_Protocol::sendSetting_ADC()
                0x000156ca                uC_Protocol::__decode_StartAcquisitionCmd()
                0x000183c0                ADuC_PRS_protocol::ADuC_PRS_protocol(UartDeviceAbstract*, int)
                0x00015714                uC_Protocol::sendSetting()
                0x00016c5a                uC_Protocol::sendRequest_Setting_IEXC()
                0x00016d62                uC_Protocol::sendStartAcquisition()
                0x00017f0a                uC_Protocol::~uC_Protocol()
                0x00015d82                ADuC_PRS_protocol::samplePacket_01_decode()
                0x000168dc                uC_Protocol::sendSetting_DAC()
                0x00015d4e                ADuC_WEIGHT_protocol::packetLost_01_handler()
                0x00016e36                uC_Protocol::sendRequest_Status()
                0x0001674a                uC_Protocol::sendSetting_PWM()
                0x00015a1c                uC_Protocol::enableFrequencyCal(bool)
                0x000159dc                uC_Protocol::getMsg()
                0x00017eac                uC_Protocol::~uC_Protocol()
                0x00016d0a                uC_Protocol::sendStopAcquisition()
                0x00016dc6                uC_Protocol::sendRequestSelfTest(bool, int)
                0x00015a2c                uC_Protocol::calculateSamplingFrq()
                0x00016cb2                uC_Protocol::sendRequest_Setting_ADC()
                0x000160d4                ADuC_GEN_protocol::ADuCDefaultSetting()
                0x00018408                ADuC_WEIGHT_protocol::ADuC_WEIGHT_protocol(UartDeviceAbstract*, int)
                0x000158e4                uC_Protocol::__decode_Sample_01_Cmd()
                0x00015790                uC_Protocol::checksum(unsigned char, unsigned char)
                0x00016988                uC_Protocol::sendSetting_IEXC()
 .text          0x00018494      0x9fc obj/PROTOCOLSAUANDEMGZ.o
                0x000186d8                SauAndEmgzProtocol::sendFilteringSetting(unsigned char, unsigned char, unsigned char)
                0x00018594                SauAndEmgzProtocol::getMsg()
                0x000188d4                SauAndEmgzProtocol::DataAnalyse()
                0x00018c08                SauAndEmgzProtocol::SauAndEmgzProtocol(UartDeviceAbstract*, int)
                0x00018748                SauAndEmgzProtocol::sendStatusRequest()
                0x000184ec                SauAndEmgzProtocol::checksum(unsigned char, unsigned char)
                0x00018494                SauAndEmgzProtocol::checkOpCode(unsigned char)
                0x00018872                SauAndEmgzProtocol::sendInfoRequest()
                0x00018520                SauAndEmgzProtocol::sendMsg(int)
                0x00018d4c                SauAndEmgzProtocol::SauAndEmgzProtocol(UartDeviceAbstract*, int)
                0x00018bc4                SauAndEmgzProtocol::~SauAndEmgzProtocol()
                0x000187aa                SauAndEmgzProtocol::sendStopAcq()
                0x0001880c                SauAndEmgzProtocol::sendStartAcq()
                0x00018606                SauAndEmgzProtocol::sendJumpedToLoaderRequest()
                0x000185ec                SauAndEmgzProtocol::getLastEmgzBoardErrors(unsigned short&, unsigned char&, unsigned short&)
                0x00018668                SauAndEmgzProtocol::sendCheckContactImpedances(bool)
                0x00018be6                SauAndEmgzProtocol::~SauAndEmgzProtocol()
                0x000185d4                SauAndEmgzProtocol::checkPacketsLost(unsigned char, unsigned char)
 .text          0x00018e90     0x42aa obj/iWRAP_BLUEGIGA.o
                0x00019f84                iWRAP_BLUEGIGA_Protocol::NAME(char const*, int)
                0x0001b6aa                iWRAP_BLUEGIGA_Protocol::CLOSE(int, int)
                0x0001b30c                iWRAP_BLUEGIGA_Protocol::SET_BT_ROLE(iWRAP_BLUEGIGA_Protocol::master_slave_policy, iWRAP_BLUEGIGA_Protocol::link_policy, int, int)
                0x00019e3a                iWRAP_BLUEGIGA_Protocol::RESET(int)
                0x0001b58a                iWRAP_BLUEGIGA_Protocol::INQUIRY(int, bool, iWRAP_BLUEGIGA_Protocol::inquiryAccessCode_LAP, int)
                0x0001b500                iWRAP_BLUEGIGA_Protocol::SELECT(int, int)
                0x0001a328                iWRAP_BLUEGIGA_Protocol::SCO_OPEN(int, int)
                0x0001cefa                iWRAP_BLUEGIGA_Protocol::~iWRAP_BLUEGIGA_Protocol()
                0x00019620                iWRAP_BLUEGIGA_Protocol::TESTMODE(int)
                0x000196b8                iWRAP_BLUEGIGA_Protocol::SET_CONTROL_INIT(char const*, int)
                0x0001d042                iWRAP_BLUEGIGA_Protocol::iWRAP_BLUEGIGA_Protocol(UartDeviceAbstract*, int)
                0x00019278                iWRAP_BLUEGIGA_Protocol::TEST(char const*, int)
                0x0001a7a4                iWRAP_BLUEGIGA_Protocol::SET_LINK_ID_MASTER(int, int)
                0x0001b72e                iWRAP_BLUEGIGA_Protocol::CALL(char const*, char const*, iWRAP_BLUEGIGA_Protocol::conenct_mode, int, int)
                0x00019864                iWRAP_BLUEGIGA_Protocol::SET_BT_AUTH(char const*, int)
                0x00019a9a                iWRAP_BLUEGIGA_Protocol::SET_BT_BDADDR(int)
                0x0001cf4a                iWRAP_BLUEGIGA_Protocol::iWRAP_BLUEGIGA_Protocol(UartDeviceAbstract*, int)
                0x0001c5d0                iWRAP_BLUEGIGA_Protocol::manager()
                0x000199e4                iWRAP_BLUEGIGA_Protocol::SET_BT_NAME(char const*, int)
                0x00019460                iWRAP_BLUEGIGA_Protocol::SDP_ADD(char const*, char const*, int)
                0x0001a5b6                iWRAP_BLUEGIGA_Protocol::SET_LINK_ID_SNIFF(int, int, int)
                0x00019770                iWRAP_BLUEGIGA_Protocol::SET_BT_PAIR(char const*, char const*, int)
                0x0001b9f4                iWRAP_BLUEGIGA_Protocol::DataAnalyse()
                0x0001ae2c                iWRAP_BLUEGIGA_Protocol::SET_CONTROL_BAUD(iWRAP_BLUEGIGA_Protocol::baud_rate, iWRAP_BLUEGIGA_Protocol::parity, iWRAP_BLUEGIGA_Protocol::stop_bits, int)
                0x0001b090                iWRAP_BLUEGIGA_Protocol::SET_BT_POWER(int, int, bool, int)
                0x0001a2a2                iWRAP_BLUEGIGA_Protocol::BOOT(iWRAP_BLUEGIGA_Protocol::boot_mode, int)
                0x00019138                iWRAP_BLUEGIGA_Protocol::ESCAPE_SEQUENCE(int)
                0x0001b1de                iWRAP_BLUEGIGA_Protocol::SET_BT_SNIFF(int, int)
                0x00019332                iWRAP_BLUEGIGA_Protocol::SCO_ENABLE(int)
                0x0001b268                iWRAP_BLUEGIGA_Protocol::SET_BT_SNIFF(int, int, int, int, int)
                0x0001a6e8                iWRAP_BLUEGIGA_Protocol::SET_LINK_ID_PARK(int, int, int, int)
                0x0001ad84                iWRAP_BLUEGIGA_Protocol::SET_CONTROL_CD(unsigned char, bool, int)
                0x0001ceaa                iWRAP_BLUEGIGA_Protocol::~iWRAP_BLUEGIGA_Protocol()
                0x0001a554                iWRAP_BLUEGIGA_Protocol::SET_LINK_ID_MSC(int, char const*, int)
                0x0001a746                iWRAP_BLUEGIGA_Protocol::SET_LINK_ID_SLAVE(int, int)
                0x00018f5c                iWRAP_BLUEGIGA_Protocol::sendMsg(int)
                0x0001af8c                iWRAP_BLUEGIGA_Protocol::SET_CONTROL_AUTOCALL(char const*, int, char const*, int)
                0x0001b3ac                iWRAP_BLUEGIGA_Protocol::SET_BT_PAGEMODE(iWRAP_BLUEGIGA_Protocol::page_mode, int, iWRAP_BLUEGIGA_Protocol::page_scan_mode, int)
                0x0001a14c                iWRAP_BLUEGIGA_Protocol::PING(int, int)
                0x0001a860                iWRAP_BLUEGIGA_Protocol::SET_CONTROL_MSC(iWRAP_BLUEGIGA_Protocol::msc_mode, unsigned short, unsigned short, unsigned short, unsigned short, unsigned short, unsigned short, int)
                0x0001a686                iWRAP_BLUEGIGA_Protocol::SET_LINK_ID_PARK(int, int, int)
                0x00019b2e                iWRAP_BLUEGIGA_Protocol::SET_PROFILE(iWRAP_BLUEGIGA_Protocol::profile_name, char const*, int)
                0x0001ac68                iWRAP_BLUEGIGA_Protocol::SET_CONTROL_ECHO(iWRAP_BLUEGIGA_Protocol::echo_mask, int)
                0x000190ac                iWRAP_BLUEGIGA_Protocol::checkSyntaxErrorTimer()
                0x00019dac                iWRAP_BLUEGIGA_Protocol::INFO(int)
                0x00019c6e                iWRAP_BLUEGIGA_Protocol::SET(int)
                0x0001b144                iWRAP_BLUEGIGA_Protocol::SET_BT_SSP(iWRAP_BLUEGIGA_Protocol::spp_capabilities, iWRAP_BLUEGIGA_Protocol::spp_mitm, int)
                0x0001a450                iWRAP_BLUEGIGA_Protocol::RSSI(int, int)
                0x0001b972                iWRAP_BLUEGIGA_Protocol::waitSyntaxErrorSyncroError(int)
                0x000193d0                iWRAP_BLUEGIGA_Protocol::SLEEP(int)
                0x00019ece                iWRAP_BLUEGIGA_Protocol::PAIR(char const*, int)
                0x0001a9e6                iWRAP_BLUEGIGA_Protocol::SET_CONTROL_BIND(unsigned char, unsigned short, iWRAP_BLUEGIGA_Protocol::direction, char const*, int)
                0x0001ab20                iWRAP_BLUEGIGA_Protocol::SET_CONTROL_MUX(bool, int)
                0x00019032                iWRAP_BLUEGIGA_Protocol::getMsg(iWRAP_BLUEGIGA_Protocol::iWRAP_msg_struct&)
                0x0001a3be                iWRAP_BLUEGIGA_Protocol::TXPOWER(int, int)
                0x00019216                iWRAP_BLUEGIGA_Protocol::AT(int)
                0x0001a1d2                iWRAP_BLUEGIGA_Protocol::ECHO(int, char const*, int)
                0x0001b44e                iWRAP_BLUEGIGA_Protocol::SET_BT_LAP(iWRAP_BLUEGIGA_Protocol::inquiryAccessCode_LAP, int)
                0x00019548                iWRAP_BLUEGIGA_Protocol::SDP(char const*, char const*, int)
                0x00019926                iWRAP_BLUEGIGA_Protocol::SET_BT_CLASS(char const*, int)
                0x00018e90                iWRAP_BLUEGIGA_Protocol::sendMsg(iWRAP_BLUEGIGA_Protocol::iWRAP_msg_struct)
                0x0001a618                iWRAP_BLUEGIGA_Protocol::SET_LINK_ID_SNIFF(int, int, int, int, int, int)
                0x0001acf6                iWRAP_BLUEGIGA_Protocol::SET_CONTROL_CONFIG(iWRAP_BLUEGIGA_Protocol::configuration_values, int)
                0x0001a4d4                iWRAP_BLUEGIGA_Protocol::BER(int, int)
                0x0001a03c                iWRAP_BLUEGIGA_Protocol::LIST(int)
                0x0001abc2                iWRAP_BLUEGIGA_Protocol::SET_CONTROL_ESCAPE(char, unsigned short, iWRAP_BLUEGIGA_Protocol::dtr_mode, int)
                0x0001a0c6                iWRAP_BLUEGIGA_Protocol::IC(int)
                0x00019cf6                iWRAP_BLUEGIGA_Protocol::AUTH(char const*, int)
                0x0001a802                iWRAP_BLUEGIGA_Protocol::SET_LINK_ID_ACTIVE(int, int)
 .text          0x0001d13a     0x1590 obj/iWRAP_BLUEGIGA_SPP.o
                0x0001d4a2                iWRAP_BLUEGIGA_SPP::getMsg(iWRAP_BLUEGIGA_SPP::iWRAP_SSP_msg_struct&)
                0x0001d6d6                iWRAP_BLUEGIGA_SPP::BER()
                0x0001d6da                iWRAP_BLUEGIGA_SPP::RSSI()
                0x0001e520                iWRAP_BLUEGIGA_SPP::~iWRAP_BLUEGIGA_SPP()
                0x0001e4fe                iWRAP_BLUEGIGA_SPP::~iWRAP_BLUEGIGA_SPP()
                0x0001d596                iWRAP_BLUEGIGA_SPP::RESET()
                0x0001d7bc                iWRAP_BLUEGIGA_SPP::manager()
                0x0001d5ce                iWRAP_BLUEGIGA_SPP::SET_BT_NAME()
                0x0001d538                iWRAP_BLUEGIGA_SPP::VERIFY_BAUD_RATE()
                0x0001d6d2                iWRAP_BLUEGIGA_SPP::SET_BT_POWER()
                0x0001d6de                iWRAP_BLUEGIGA_SPP::TXPOWER()
                0x0001d602                iWRAP_BLUEGIGA_SPP::SET_PROFILE()
                0x0001d69e                iWRAP_BLUEGIGA_SPP::SET_CONTROL_MSC()
                0x0001d6e2                iWRAP_BLUEGIGA_SPP::strMsg(char*, int&)
                0x0001e606                iWRAP_BLUEGIGA_SPP::iWRAP_BLUEGIGA_SPP(UartDeviceAbstract*, int)
                0x0001d59a                iWRAP_BLUEGIGA_SPP::INFO()
                0x0001e542                iWRAP_BLUEGIGA_SPP::iWRAP_BLUEGIGA_SPP(UartDeviceAbstract*, int)
                0x0001d636                iWRAP_BLUEGIGA_SPP::SET_BT_AUTH()
                0x0001d51c                iWRAP_BLUEGIGA_SPP::changeStatus(iWRAP_BLUEGIGA_SPP::states)
                0x0001d16c                iWRAP_BLUEGIGA_SPP::iWRAP_timeout_and_error_handler(char*, int, bool)
                0x0001d56c                iWRAP_BLUEGIGA_SPP::CLOSE()
                0x0001d66a                iWRAP_BLUEGIGA_SPP::SET_BT_SSP()
                0x0001d300                iWRAP_BLUEGIGA_SPP::sendMsg(iWRAP_BLUEGIGA_SPP::iWRAP_SSP_msg_struct)
                0x0001d776                iWRAP_BLUEGIGA_SPP::CALL(char*)
                0x0001d13a                iWRAP_BLUEGIGA_SPP::reset_machinesState()
                0x0001d3cc                iWRAP_BLUEGIGA_SPP::sendMsg(int)
 .text          0x0001e6ca     0x4544 obj/SAU7000_MANAGER.o
                0x0001e6ca                SAU7000_Manager::~SAU7000_Manager()
                0x0002030a                SAU7000_Manager::IR_remoteManager()
                0x0001e6f6                SAU7000_Manager::checkADuCStatus(unsigned char)
                0x0001f0ec                SAU7000_Manager::writeToEE_weightCalValue()
                0x00020dda                SAU7000_Manager::manager()
                0x0001f36c                SAU7000_Manager::changeBTcheckStatus(SAU7000_Manager::BTchk_status)
                0x0001f024                SAU7000_Manager::writeToEE_genCalValue(int)
                0x0001ec7c                SAU7000_Manager::readToEE_genCalValue(int)
                0x0001e6ce                SAU7000_Manager::rstPrsSamples()
                0x000203cc                SAU7000_Manager::stop_sampling_and_all_peripherals()
                0x0001f3f2                SAU7000_Manager::changeSau7000status(SAU7000_Manager::Sau7000_Status)
                0x0001eee0                SAU7000_Manager::readToEE_prsCalValue()
                0x0001ffb6                SAU7000_Manager::getADuCsStatus()
                0x0001f22c                SAU7000_Manager::writeToEE_prsCalValue()
                0x0002083a                SAU7000_Manager::KeyboardManager()
                0x0001eb2c                SAU7000_Manager::stopWth()
                0x0002020c                SAU7000_Manager::ADuCsNormalMode()
                0x0001ff64                SAU7000_Manager::getADuCsInfo()
                0x0001e6e4                SAU7000_Manager::rstWeightSamples()
                0x0001fa54                SAU7000_Manager::SAU7000_Manager(Keyboard*, SauPcProtocol*)
                0x0001eaa6                SAU7000_Manager::stopWtp()
                0x00020c90                SAU7000_Manager::ADuC_startupChecks_Init()
                0x0001e6cc                SAU7000_Manager::~SAU7000_Manager()
                0x0001f712                SAU7000_Manager::SAU7000_Manager(Keyboard*, SauPcProtocol*)
                0x00020122                SAU7000_Manager::startADuCs()
                0x0001e756                SAU7000_Manager::setOverpressureAdcLimit()
                0x000200a2                SAU7000_Manager::setADuCsAquisitionParameters()
                0x00020b7e                SAU7000_Manager::watchDogManager()
                0x0001fd96                SAU7000_Manager::sendErrorsMsg()
                0x0001ed9c                SAU7000_Manager::readToEE_weightCalValue()
                0x00020008                SAU7000_Manager::stopADuCs()
 .text          0x00022c0e     0x214e obj/DPYDRV.o
                0x00023e16                _ST7565_waitIfBusy
                0x00022c66                _display_testSignals
                0x00022e62                _drv_getTextBlock
                0x00022c38                _drv_getGraphInfo
                0x00022f4e                _drv_putTextChar
                0x000231d0                _drv_vline
                0x00022dca                _drv_setTextCursDir
                0x00023a9c                _drv_setCursDir
                0x00023466                _drv_putimage
                0x00023be4                _drv_puticon
                0x00023df0                _ST7565_delay
                0x00023142                _drv_putpixel
                0x00024054                _display_init
                0x00023aba                _drv_hline
                0x000243d4                _drv_putForeChar
                0x00022c92                _display_brightness
                0x00024656                _drv_putGraphChar
                0x00022e06                _drv_setTextPointer
                0x00023414                _drv_getpixel
                0x00023ffe                _display_contrast
                0x00023e2e                _ST7565_data_wr
                0x00022c5a                _display_chrsetLoad
                0x00022f06                _drv_putGraphBlock
                0x00023e12                _ST7565_data_rd
                0x00022e10                _drv_setTextCursPos
                0x0002308c                _drv_putTextBlock
                0x00022dd4                _drv_setGraphCursPos
                0x00022c0e                _drv_getTextInfo
                0x00023ea6                _ST7565_cmd_wr
                0x00022ebe                _drv_getGraphBlock
                0x00023a98                _drv_putPcxPicture
                0x00023f1e                _display_update
                0x00022e68                _drv_fillGraphBlock
                0x00022c6a                _display_backlight
                0x000230f2                _drv_fillTextBlock
                0x00022e04                _drv_scrollTextScreen
 .text          0x00024d5c      0x246 obj/CHRSET.o
                0x00024e98                _charset_select
                0x00024dd2                _charset_width
                0x00024dfe                _charset_getIndex
                0x00024f46                _charset_init
                0x00024d5c                _charset_getCurrent
                0x00024d66                _charset_register
                0x00024dc0                _charset_height
                0x00024da6                _charset_select_num
 .text          0x00024fa2      0xd70 obj/GRAPH.o
                0x00025436                _bar
                0x00025248                _getimage
                0x00025004                _setbkcolor
                0x000251f8                _setvisualpage
                0x000251a0                _setfillstyle
                0x00024fbe                _getmaxx
                0x000251fa                _setviewport
                0x00025240                _settextjustify
                0x000256cc                _rectangle
                0x00025774                _line
                0x000252e4                _gprintf
                0x0002500e                _getbkcolor
                0x000253ca                _putsmallicon
                0x00025a34                _moverel
                0x00025ca8                _getarccoords
                0x00025980                _fillpoly
                0x000251de                _getaspectratio
                0x000251f6                _setactivepage
                0x000251cc                _getfillsettings
                0x00024fb0                _gety
                0x000251dc                _setaspectratio
                0x00025ab4                _gprintfxy
                0x00025250                _grapherrormsg
                0x00025288                _pieslice
                0x00024ff6                _getmaxcolor
                0x0002540a                _putpcxpicture
                0x00024fe8                _getcolor
                0x0002523e                _settextstyle
                0x000251ce                getfillpattern(unsigned char*)
                0x0002528c                _fillellipse
                0x000258a6                drawpoly(int, int const*, int)
                0x000259e4                _linerel
                0x000256b6                _putpixel
                0x00025420                _putimage
                0x00025246                _floodfill
                0x000251e8                _setrgbpalette
                0x00025244                _arc
                0x00025530                _circle
                0x00024fde                _setcolor
                0x00025242                _setusercharsize
                0x00025b3e                _outtextxy
                0x00025b18                _gputcxy
                0x0002535c                _textheight
                0x00025330                _gputc
                0x000253ec                _puticon
                0x00025a8e                _gputsxy
                0x000251e0                _getpalettesize
                0x000251fc                _getviewsettings
                0x00025c36                _getpixel
                0x000251ea                _setallpalette
                0x0002528a                _sector
                0x0002528e                _gputs
                0x00025c4c                _cleardevice
                0x00024fce                _getmaxy
                0x00025286                _ellipse
                0x0002501e                _setlinestyle
                0x00025cca                setfillpattern(unsigned char const*, int)
                0x000254ca                _bar3d
                0x000251e4                _setpalette
                0x00025998                _lineto
                0x0002524e                _gettextsettings
                0x00025a78                _moveto
                0x00025346                _textwidth
                0x00025be4                _clearviewport
                0x0002501c                _setwritemode
                0x00025372                _outtext
                0x000251e6                _getpalette
                0x000251ec                _getdefaultpalette
                0x00024fa2                _getx
                0x0002524a                _imagesize
                0x0002517e                _getlinesettings
 .text          0x00025d12     0x23e0 obj/APPMENU.o
                0x00025dac                CMenuPage::CMenuPage()
                0x00026ea8                CMenuSwitchOff::CMenuSwitchOff()
                0x00026d30                CMenuMain::setWTPisMoving(bool)
                0x00026ac6                CMenuGeneralInfo::setSAUstate(char const*)
                0x00025d46                CMenuList::CMenuList()
                0x00027cc0                CMenuMessages::Draw()
                0x00026e0c                CMenuGeneralInfo::CMenuGeneralInfo()
                0x000278e4                CMenuADuCfrqCal::Refresh()
                0x000278fa                CMenuADuCstatus::Refresh()
                0x00025e6a                CMenuLogo::Refresh()
                0x00025f22                CMenuPage::~CMenuPage()
                0x00027344                CMenuADuCfrqCal::CMenuADuCfrqCal()
                0x000264a4                CMenuMain::setWTPspeed(int)
                0x0002804c                CMenuList::Entry()
                0x00027796                CMenuInfo::Refresh()
                0x00026322                CMenuMain::setWTHspeed(int)
                0x00027e38                CMenuADuCstatus::Draw()
                0x00026f2c                CMenuSwitchOff::CMenuSwitchOff()
                0x00027c2e                CMenuSwitchOff::Draw()
                0x0002710c                CMenuInfo::CMenuInfo()
                0x00026c56                CMenuMain::setLimitSwitch(CMenuMain::LmtSwStatus, CMenuMain::LmtSwStatus)
                0x0002666c                CMenuADuCfrqCal::setADuCinfo(int, char const*)
                0x00027638                CMenuGeneralInfo::Refresh()
                0x00026e5a                CMenuGeneralInfo::CMenuGeneralInfo()
                0x00027b14                CMenuLogo::Draw()
                0x00027318                CMenuADuCfrqCal::CMenuADuCfrqCal()
                0x000262c2                CMenuMain::writeWtpSpeed()
                0x00027212                CMenuInfo::CMenuInfo()
                0x000265ac                CMenuInfo::addStr(char const*)
                0x00027acc                CMenuList::ChangePage(CMenuPage*)
                0x000260c6                CMenuMessages::setMessage(int, char const*)
                0x0002705e                CMenuMessages::CMenuMessages()
                0x00025dd4                CMenuPage::~CMenuPage()
                0x00027d52                CMenuInfo::Draw()
                0x00026bf6                CMenuMain::drawWthLimitSwitches()
                0x00027f22                CMenuMain::Draw()
                0x00025e26                CMenuLogo::CMenuLogo()
                0x00027910                CMenuMain::Refresh()
                0x00027d68                CMenuADuCfrqCal::Draw()
                0x00025f44                CMenuSwitchOff::setMessage(int, char const*)
                0x00027370                CMenuADuCstatus::CMenuADuCstatus()
                0x00025d7a                CMenuList::BackPage()
                0x00025e6c                CMenuInfo::strClear()
                0x000268a6                CMenuADuCstatus::setADuCstate(int, char const*)
                0x00026d7e                CMenuGeneralInfo::setCOMMico(CMenuGeneralInfo::COMM_icoType, bool)
                0x00027bb0                CMenuGeneralInfo::Draw()
                0x00026b74                CMenuMain::setWTHisMoving(bool)
                0x00025dc6                CMenuPage::~CMenuPage()
                0x00025d12                CMenuList::CMenuList()
                0x000273c8                CMenuMain::CMenuMain()
                0x00025d92                CMenuPage::CMenuPage()
                0x00027780                CMenuMessages::Refresh()
                0x000276e0                CMenuSwitchOff::Refresh()
                0x00025de2                CMenuLogo::CMenuLogo()
                0x00026248                CMenuMain::writeWthSpeed()
                0x00027500                CMenuMain::CMenuMain()
                0x0002739c                CMenuADuCstatus::CMenuADuCstatus()
                0x00026fb0                CMenuMessages::CMenuMessages()
 .text          0x000280f2        0x0 obj/ICONS.o
 .text          0x000280f2      0x5ae obj/EEPROM_SPI.o
                0x00028674                init_eeprom_spi()
                0x0002859c                ee_spi_read(unsigned char, unsigned char*, int)
                0x00028298                ee_spi_write(unsigned char, unsigned char*, int)
 .text          0x000286a0        0x0 obj/SAU7000_ADuC_SOURCE.o
 .text          0x000286a0      0x9fc obj/PROTOCOLADuCfwUPGRADE.o
                0x0002902e                ADuCfwUpgrade_protocol::ADuCfwUpgrade_protocol(UartDeviceAbstract*, int)
                0x00028f7c                ADuCfwUpgrade_protocol::~ADuCfwUpgrade_protocol()
                0x00028ade                ADuCfwUpgrade_protocol::sendSyncro()
                0x000286a0                ADuCfwUpgrade_protocol::getMsg()
                0x00028fc0                ADuCfwUpgrade_protocol::ADuCfwUpgrade_protocol(UartDeviceAbstract*, int)
                0x00028b0a                ADuCfwUpgrade_protocol::DataAnalyse()
                0x0002895c                ADuCfwUpgrade_protocol::programFlash(unsigned long, unsigned char*, unsigned char)
                0x00028ca6                ADuCfwUpgrade_protocol::manager()
                0x00028f9e                ADuCfwUpgrade_protocol::~ADuCfwUpgrade_protocol()
                0x00028754                ADuCfwUpgrade_protocol::rstProtocol()
                0x00028a22                ADuCfwUpgrade_protocol::erasePage(unsigned long, unsigned char, int)
                0x0002887e                ADuCfwUpgrade_protocol::verifyFlash(unsigned long, unsigned char*, unsigned char)
                0x00028ab0                ADuCfwUpgrade_protocol::eraseDevice()
                0x00028806                ADuCfwUpgrade_protocol::runDevice()
                0x000286e0                ADuCfwUpgrade_protocol::sendMsg(int)
                0x000287a2                ADuCfwUpgrade_protocol::ADuC_upgr_getInfoCmdDecode()
 .text          0x0002909c      0x69a obj/ADuC_UPGRADEMANAGER.o
                0x00029312                ADuCUpgradeManger::upgrade()
                0x000293a6                ADuCUpgradeManger::manager()
                0x000290dc                ADuCUpgradeManger::~ADuCUpgradeManger()
                0x0002937e                ADuCUpgradeManger::erase()
                0x00029104                ADuCUpgradeManger::getLoaderRevision()
                0x00029662                ADuCUpgradeManger::syncronize()
                0x00029288                ADuCUpgradeManger::run()
                0x000290bc                ADuCUpgradeManger::ADuCUpgradeManger(ADuCfwUpgrade_protocol*)
                0x000290de                ADuCUpgradeManger::~ADuCUpgradeManger()
                0x000290e0                ADuCUpgradeManger::getProductID()
                0x00029162                ADuCUpgradeManger::ADuC_hwSerialLoader()
                0x000292a6                ADuCUpgradeManger::verify()
                0x00029116                ADuCUpgradeManger::keepReset()
                0x0002968a                ADuCUpgradeManger::abort()
                0x000290f2                ADuCUpgradeManger::getMemorySize()
                0x0002909c                ADuCUpgradeManger::ADuCUpgradeManger(ADuCfwUpgrade_protocol*)
                0x000296c6                ADuCUpgradeManger::startUpgrade()
                0x00029126                ADuCUpgradeManger::cycle_delay(int)
                0x00029210                ADuCUpgradeManger::ADuC_hwReset()
                0x00029272                ADuCUpgradeManger::hwReset()
 .text          0x00029736     0x2852 obj/TIMER_NEC.o
                0x0002a120                Timer_NEC_P024::setFrequency(double, Timer_NEC::CCRn)
                0x00029748                Timer_NEC::Timer_NEC(NEC_timer_Generic_t volatile*)
                0x0002b146                Timer_NEC_Q::setTxnOL3(Timer_NEC::TxnOL3, bool)
                0x0002b0f6                Timer_NEC_Q::setTxnOE2(Timer_NEC::TxnOE2, bool)
                0x0002a5e8                Timer_NEC_P024::setPrescaler(Timer_NEC_P024::Prescalers, bool)
                0x0002a75a                Timer_NEC_P024::setCCR1(unsigned short, bool, bool)
                0x000297fa                Timer_NEC::setTimerMode(Timer_NEC::TimerMode, bool)
                0x00029b36                Timer_NEC::setValidEdgeExtCountTIxn1(Timer_NEC::ValidEdgeExtCountTIxn1, bool)
                0x0002b26e                Timer_NEC_Q::setValidEdgeCaptureTrigTIxn3(Timer_NEC::ValidEdgeCaptureTrigTIxn3, bool)
                0x0002a0b4                Timer_NEC_P024::Timer_NEC_P024(NEC_timerP_t volatile*, NEC_timerP_Int_t volatile*)
                0x00029edc                Timer_NEC_P::setPeriod(double, Timer_NEC::CCRn)
                0x0002ac32                Timer_NEC_P135::calculateFrequency(Timer_NEC::CCRn)
                0x0002b77c                Timer_NEC_Q::setPrescaler(Timer_NEC_Q::Prescalers, bool, bool)
                0x0002b198                Timer_NEC_Q::setTxnOE3(Timer_NEC::TxnOE3, bool)
                0x00029a2a                Timer_NEC::setValidEdgeCaptureTrigTIxn1(Timer_NEC::ValidEdgeCaptureTrigTIxn1, bool)
                0x00029e14                Timer_NEC_P::Timer_NEC_P(NEC_timerP_t volatile*, NEC_timerP_Int_t volatile*)
                0x000299da                Timer_NEC::setTxnOE0(Timer_NEC::TxnOE0, bool)
                0x0002a87c                Timer_NEC_P135::setFrequency(double, Timer_NEC::CCRn)
                0x0002a07c                Timer_NEC_P024::Timer_NEC_P024(NEC_timerP_t volatile*, NEC_timerP_Int_t volatile*)
                0x0002b4be                Timer_NEC_Q::setCCR2(unsigned short, bool, bool)
                0x0002993a                Timer_NEC::setTxnOE1(Timer_NEC::TxnOE1, bool)
                0x0002b550                Timer_NEC_Q::setCCR3(unsigned short, bool, bool)
                0x0002998a                Timer_NEC::setTxnOL0(Timer_NEC::TxnOL0, bool)
                0x0002b686                Timer_NEC_Q::setCCIC1_interrupt(bool, unsigned char)
                0x0002b42c                Timer_NEC_Q::setCCR1(unsigned short, bool, bool)
                0x00029d76                Timer_NEC::setCCR(Timer_NEC::CCRn, unsigned short)
                0x0002975a                Timer_NEC::setTxnEST(Timer_NEC::TxnEST, bool)
                0x0002a4d6                Timer_NEC_P024::calculateFrequency(Timer_NEC::CCRn)
                0x0002a0ec                Timer_NEC_P024::setEnable(bool)
                0x000298ea                Timer_NEC::setTxnOL1(Timer_NEC::TxnOL1, bool)
                0x0002b39a                Timer_NEC_Q::setCCR0(unsigned short, bool, bool)
                0x00029c92                Timer_NEC::setTxnCCR0_selection(Timer_NEC::TxnCCR0_selection, bool)
                0x0002b634                Timer_NEC_Q::setCCIC0_interrupt(bool, unsigned char)
                0x00029736                Timer_NEC::Timer_NEC(NEC_timer_Generic_t volatile*)
                0x0002ba5c                Timer_NEC_Q::setFrequency(double, Timer_NEC::CCRn)
                0x00029bbc                Timer_NEC::setValidEdgeExtCountTIxn0(Timer_NEC::ValidEdgeExtCountTIxn0, bool)
                0x0002b072                Timer_NEC_Q::setEnable(bool)
                0x0002b72a                Timer_NEC_Q::setCCIC3_interrupt(bool, unsigned char)
                0x0002b94a                Timer_NEC_Q::calculateFrequency(Timer_NEC::CCRn)
                0x00029e78                Timer_NEC_P::Timer_NEC_P(NEC_timerP_t volatile*, NEC_timerP_Int_t volatile*)
                0x000297aa                Timer_NEC::setTxnEEE(Timer_NEC::TxnEEE, bool)
                0x00029f36                Timer_NEC_P::setCCR0(unsigned short, bool, bool)
                0x0002af98                Timer_NEC_Q::Timer_NEC_Q(NEC_timerQ_t volatile*, NEC_timerQ_Int_t volatile*)
                0x0002ae38                Timer_NEC_P135::setCCR0(unsigned short, bool, bool)
                0x0002b6d8                Timer_NEC_Q::setCCIC2_interrupt(bool, unsigned char)
                0x00029ab0                Timer_NEC::setValidEdgeCaptureTrigTIxn0(Timer_NEC::ValidEdgeCaptureTrigTIxn0, bool)
                0x0002a02a                Timer_NEC_P::setCCIC1_interrupt(bool, unsigned char)
                0x0002a7d8                Timer_NEC_P135::Timer_NEC_P135(NEC_timerP_t volatile*, NEC_timerP_Int_t volatile*)
                0x0002a6dc                Timer_NEC_P024::setCCR0(unsigned short, bool, bool)
                0x0002ad44                Timer_NEC_P135::setPrescaler(Timer_NEC_P135::Prescalers, bool)
                0x0002b0a6                Timer_NEC_Q::setTxnOL2(Timer_NEC::TxnOL2, bool)
                0x00029fd8                Timer_NEC_P::setCCIC0_interrupt(bool, unsigned char)
                0x0002affc                Timer_NEC_Q::setPeriod(double, Timer_NEC::CCRn)
                0x00029ce2                Timer_NEC::getCCR(Timer_NEC::CCRn)
                0x0002a810                Timer_NEC_P135::Timer_NEC_P135(NEC_timerP_t volatile*, NEC_timerP_Int_t volatile*)
                0x0002a848                Timer_NEC_P135::setEnable(bool)
                0x0002af34                Timer_NEC_Q::Timer_NEC_Q(NEC_timerQ_t volatile*, NEC_timerQ_Int_t volatile*)
                0x0002b2f8                Timer_NEC_Q::setTxnCCR2_selection(Timer_NEC::TxnCCR2_selection, bool)
                0x0002b1e8                Timer_NEC_Q::setValidEdgeCaptureTrigTIxn2(Timer_NEC::ValidEdgeCaptureTrigTIxn2, bool)
                0x0002b5e2                Timer_NEC_Q::setOVIC_interrupt(bool, unsigned char)
                0x00029c42                Timer_NEC::setTxnCCR1_selection(Timer_NEC::TxnCCR1_selection, bool)
                0x0002b348                Timer_NEC_Q::setTxnCCR3_selection(Timer_NEC::TxnCCR3_selection, bool)
                0x0002aeb6                Timer_NEC_P135::setCCR1(unsigned short, bool, bool)
                0x00029f86                Timer_NEC_P::setOVIC_interrupt(bool, unsigned char)
                0x00029f5e                Timer_NEC_P::setCCR1(unsigned short, bool, bool)
 .text          0x0002bf88      0x194 obj/PWMABSTRACT.o
                0x0002bff0                pwmAbstract::setPwmTonDuty(unsigned short)
                0x0002c0f6                pwmAbstract::setPwmToffDuty(unsigned short)
                0x0002c016                pwmAbstract::pwmAbstract(TimerAbstract*)
                0x0002c086                pwmAbstract::pwmAbstract(TimerAbstract*)
                0x0002bf88                pwmAbstract::~pwmAbstract()
                0x0002bfca                pwmAbstract::setPwmPeriod(double)
                0x0002bfa4                pwmAbstract::setPwmFrq(double)
                0x0002bf96                pwmAbstract::~pwmAbstract()
 .text          0x0002c11c      0xd40 obj/PWM_NEC.o
                0x0002cdc8                NECpwmTimer::NECpwmTimer(Timer_NEC*, unsigned short)
                0x0002c2c0                NECpwMeasurentTimer::getTime(unsigned long)
                0x0002c3c0                NECpwMeasurentTimer::rstTimerOverflow()
                0x0002cbb8                NECpwmTimer::setPwmToffDuty(unsigned short)
                0x0002c8be                NECpwMeasurentTimer::pulseMeasureAvailableHigh()
                0x0002ca0e                NECpwMeasurentTimer::setMeasurementState(pwMeasurementAbstract::MeasurementState)
                0x0002c616                NECpwMeasurentTimer::getPulseMeasurement(pwMeasurementAbstract::PulseWidthMeasurement&)
                0x0002c3f0                NECpwMeasurentTimer::setTimeBase(unsigned long, pwMeasurementAbstract::TimeUnit)
                0x0002c8ca                NECpwMeasurentTimer::manager()
                0x0002c11c                NECpwmTimer::setPwmFrq(double)
                0x0002ca14                NECpwMeasurentTimer::NECpwMeasurentTimer(Timer_NEC*, Timer_NEC::CCRn)
                0x0002c270                NECpwmTimer::setPulseCountEnable(bool)
                0x0002c970                NECpwMeasurentTimer::pushCountLow(unsigned long)
                0x0002cc54                NECpwmTimer::setPwmTonDuty(unsigned short)
                0x0002c17a                NECpwmTimer::setPwmPeriod(double)
                0x0002c96c                NECpwMeasurentTimer::popCountLow(unsigned long&)
                0x0002cd34                NECpwmTimer::NECpwmTimer(Timer_NEC*, unsigned short)
                0x0002ccf0                NECpwmTimer::~NECpwmTimer()
                0x0002c2b2                NECpwMeasurentTimer::~NECpwMeasurentTimer()
                0x0002c8b2                NECpwMeasurentTimer::pulseMeasureAvailableLow()
                0x0002c1d8                NECpwmTimer::setEnable(bool, bool)
                0x0002c2a4                NECpwMeasurentTimer::~NECpwMeasurentTimer()
                0x0002c76a                NECpwMeasurentTimer::getPulseMeasurementLow(unsigned long&)
                0x0002ca08                NECpwMeasurentTimer::whatMeasuring()
                0x0002c3c6                NECpwMeasurentTimer::setEnable(bool)
                0x0002c804                NECpwMeasurentTimer::getPulseMeasurementHigh(unsigned long&)
                0x0002c89e                NECpwMeasurentTimer::pulseMeasureAvailable()
                0x0002cae6                NECpwMeasurentTimer::NECpwMeasurentTimer(Timer_NEC*, Timer_NEC::CCRn)
                0x0002cd12                NECpwmTimer::~NECpwmTimer()
                0x0002c8cc                NECpwMeasurentTimer::popCountHigh(unsigned long&)
                0x0002c8d0                NECpwMeasurentTimer::pushCountHigh(unsigned long)
 .text          0x0002ce5c      0xc50 obj/WTH.o
                0x0002d41c                WthMenfis::checkLimitSwitchesStatus()
                0x0002d410                WthMenfis::setLmtSwLowStatus(WthAbstract::LimitSwitchStatus)
                0x0002d780                WthMenfis::WthMenfis(pwmAbstract*, pwmAbstract*)
                0x0002ce6a                WthMenfis::~WthMenfis()
                0x0002ce78                WthMenfis::setLinearVelocity(double, bool)
                0x0002d416                WthMenfis::setLmtSwHighStatus(WthAbstract::LimitSwitchStatus)
                0x0002d874                WthMenfis::manger()
                0x0002cf9c                WthMenfis::setEnable(bool, bool)
                0x0002ce5c                WthMenfis::~WthMenfis()
                0x0002d2e6                WthMenfis::setStep(double)
                0x0002d284                WthMenfis::power(bool)
                0x0002d68c                WthMenfis::WthMenfis(pwmAbstract*, pwmAbstract*)
 .text          0x0002daac      0xb32 obj/IR_Toshiba_protocol.o
                0x0002dcf8                Toshiba_IR_protocol::dcdData_bit_hadler(pwMeasurementAbstract::PulseWidthMeasurement)
                0x0002db24                Toshiba_IR_protocol::Toshiba_IR_protocol(pwMeasurementAbstract*)
                0x0002dbaa                Toshiba_IR_protocol::~Toshiba_IR_protocol()
                0x0002dc2e                Toshiba_IR_protocol::pushError(IR_protocolAbstract::IR_protocolErrors)
                0x0002db9c                Toshiba_IR_protocol::~Toshiba_IR_protocol()
                0x0002df16                Toshiba_IR_protocol::pushData(IR_protocolAbstract::IR_data_t)
                0x0002e440                Toshiba_IR_protocol::manager()
                0x0002dbb8                Toshiba_IR_protocol::decodeBit(pwMeasurementAbstract::PulseWidthMeasurement)
                0x0002dd40                Toshiba_IR_protocol::IRd_waitingStx_handler()
                0x0002dbe4                Toshiba_IR_protocol::pop_IR_Data(IR_protocolAbstract::IR_data_t&)
                0x0002daac                Toshiba_IR_protocol::Toshiba_IR_protocol(pwMeasurementAbstract*)
                0x0002df86                Toshiba_IR_protocol::IRd_decodingData_handler()
                0x0002e34a                Toshiba_IR_protocol::IRd_waitingEtx_handler()
                0x0002dcb6                Toshiba_IR_protocol::bitError()
 .text          0x0002e5de      0xb2a obj/IR_RC5_Standard_protocol.o
                0x0002ea72                RC5_Standard_IR_protocol::IRd_waitingStx_handler()
                0x0002e5de                RC5_Standard_IR_protocol::RC5_Standard_IR_protocol(pwMeasurementAbstract*)
                0x0002ea14                RC5_Standard_IR_protocol::dcdData_bit_hadler()
                0x0002e6ee                RC5_Standard_IR_protocol::~RC5_Standard_IR_protocol()
                0x0002ef18                RC5_Standard_IR_protocol::manager()
                0x0002edf8                RC5_Standard_IR_protocol::IRd_decodingData_handler()
                0x0002e70a                RC5_Standard_IR_protocol::decodeBit()
                0x0002e6fc                RC5_Standard_IR_protocol::~RC5_Standard_IR_protocol()
                0x0002e666                RC5_Standard_IR_protocol::RC5_Standard_IR_protocol(pwMeasurementAbstract*)
                0x0002e8ea                RC5_Standard_IR_protocol::pop_IR_Data(IR_protocolAbstract::IR_data_t&)
                0x0002e934                RC5_Standard_IR_protocol::pushError(IR_protocolAbstract::IR_protocolErrors)
                0x0002ed88                RC5_Standard_IR_protocol::pushData(IR_protocolAbstract::IR_data_t)
                0x0002e9bc                RC5_Standard_IR_protocol::bitError()
 .text          0x0002f108      0xa38 obj/IR_remote.o
                0x0002f2ca                IR_Key::IR_Key()
                0x0002f43c                IR_Remote::manager()
                0x0002f164                IR_Key::setCountinuousReading(bool, int)
                0x0002f1ae                IR_Key::setKeyState(KeyAbstract::keyStates)
                0x0002f68a                IR_Remote::~IR_Remote()
                0x0002f108                IR_Key::~IR_Key()
                0x0002f9a2                IR_Key::manager()
                0x0002f210                IR_Key::IR_Key()
                0x0002f3c0                IR_Key::push(KeyAbstract::keyReadingValues)
                0x0002f384                IR_Key::pop(KeyAbstract::keyReadingValues&)
                0x0002f124                IR_Key::setEnable(bool, int)
                0x0002f7da                IR_Remote::IR_Remote(int, IR_protocolAbstract*)
                0x0002f8be                IR_Remote::IR_Remote(int, IR_protocolAbstract*)
                0x0002f116                IR_Key::~IR_Key()
                0x0002f732                IR_Remote::~IR_Remote()
 .text          0x0002fb40      0x168 obj/SPI_ABSTRACT.o
                0x0002fb80                SPI_Abstract::setCommunicationType(SPI_Abstract::CommunicationType, bool)
                0x0002fbc0                SPI_Abstract::setBitTransferLenght(SPI_Abstract::BitTransferLenght, bool)
                0x0002fb60                SPI_Abstract::setTransferModeSpecification(SPI_Abstract::TransferModeSpecification, bool)
                0x0002fba0                SPI_Abstract::setCommunicationClock(SPI_Abstract::CommunicationClock, bool)
                0x0002fbe0                SPI_Abstract::SPI_Abstract()
                0x0002fc44                SPI_Abstract::SPI_Abstract()
                0x0002fb40                SPI_Abstract::setTransferModeDirection(SPI_Abstract::TransferModeDirection, bool)
 .text          0x0002fca8      0xa34 obj/SPI_NEC.o
                0x000301ce                SPI_NEC::setCommunicationClock(SPI_Abstract::CommunicationClock, bool)
                0x0002fca8                SPI_NEC::setPowerEnable(bool)
                0x0002fe88                SPI_Interrupt_NEC::rx_getc(unsigned char&)
                0x000304fc                SPI_NEC::SPI_NEC(spi_nec_t volatile*)
                0x0002fde2                SPI_Interrupt_NEC::setRxInterrupt(bool, unsigned char)
                0x0002fd0e                SPI_NEC::setReceptionEnable(bool)
                0x0003001c                SPI_Interrupt_NEC::tx_write(unsigned char*, int)
                0x00030388                SPI_NEC::setTransferModeSpecification(SPI_Abstract::TransferModeSpecification, bool)
                0x0002fe34                SPI_Interrupt_NEC::tx_getc_isr()
                0x00030588                SPI_Interrupt_NEC::SPI_Interrupt_NEC(spi_nec_t volatile*, unsigned char volatile*, unsigned char volatile*, int, int)
                0x0002ff26                SPI_Interrupt_NEC::busy()
                0x0002ffd0                SPI_Interrupt_NEC::rx_read(unsigned char*, int)
                0x00030470                SPI_NEC::SPI_NEC(spi_nec_t volatile*)
                0x0002fcdc                SPI_NEC::setTransmissionEnable(bool)
                0x0002fd5a                SPI_Poller_NEC::getc(unsigned short)
                0x0002fedc                SPI_Interrupt_NEC::startTrasmission()
                0x000302e8                SPI_NEC::setCommunicationType(SPI_Abstract::CommunicationType, bool)
                0x0002fd80                SPI_Poller_NEC::busy()
                0x00030086                SPI_NEC::setBitTransferLenght(SPI_Abstract::BitTransferLenght, bool)
                0x0002ff62                SPI_Interrupt_NEC::tx_putc(unsigned char)
                0x00030632                SPI_Interrupt_NEC::SPI_Interrupt_NEC(spi_nec_t volatile*, unsigned char volatile*, unsigned char volatile*, int, int)
                0x0002fd40                SPI_Poller_NEC::putc(unsigned short)
                0x0002fe68                SPI_Interrupt_NEC::tx_isempty_isr()
                0x000303fc                SPI_NEC::setTransferModeDirection(SPI_Abstract::TransferModeDirection, bool)
                0x0002fd90                SPI_Interrupt_NEC::setTxInterrupt(bool, unsigned char)
                0x0002ff36                SPI_Interrupt_NEC::rx_putc_isr(unsigned char)
 .text          0x000306dc      0x84e obj/TMC262_DRV.o
                0x00030ee4                TMC262_StepperDriver::read_DRVSTARTUS(TMC262_StepperDriver::DRVCONF_ValueToRead)
                0x00030bdc                TMC262_StepperDriver::write_DRVCTRL()
                0x000306dc                TMC262_StepperDriver::Init()
                0x00030b4a                TMC262_StepperDriver::write_DRVCONF()
                0x00030c9a                TMC262_StepperDriver::write_CHOPCONF()
                0x00030da4                TMC262_StepperDriver::write_SMARTEN()
                0x00030a98                TMC262_StepperDriver::decodeDRVSTATUS(unsigned long)
                0x000307ae                TMC262_StepperDriver::setEnable(bool)
                0x000307b4                TMC262_StepperDriver::TMC262_StepperDriver(SPI_Abstract*)
                0x000308b2                TMC262_StepperDriver::TMC262_StepperDriver(SPI_Abstract*)
                0x000309b0                TMC262_StepperDriver::transmitData(unsigned long)
                0x00030e1c                TMC262_StepperDriver::write_SGSFCONF()
                0x00030e7c                TMC262_StepperDriver::manager()
 .text          0x00030f2a      0xc8e obj/WTP.o
                0x00030f2a                WtpMenfis::driverInit()
                0x00031070                WtpMenfis::accRampInitialParameters()
                0x00031a08                WtpMenfis::setEnable(bool)
                0x00031b00                WtpMenfis::manager()
                0x0003113c                WtpMenfis::accelerationRamp()
                0x0003174a                WtpMenfis::setVelocityPulse(unsigned long)
                0x000313c0                WtpMenfis::WtpMenfis(pwmAbstract*, TMC262_StepperDriver*, Timer_NEC*)
                0x000311ea                WtpMenfis::readCalibrationValue()
                0x0003104e                WtpMenfis::power(bool)
                0x00031800                WtpMenfis::setVelocity(double, bool)
                0x000316b0                WtpMenfis::writeCalibrationValue(wtpCalibration_t*)
                0x00031538                WtpMenfis::WtpMenfis(pwmAbstract*, TMC262_StepperDriver*, Timer_NEC*)
 .text          0x00031bb8      0x6e4 obj/SSPIE_HARDWARE.o
                0x00031bd0                wait(int)
                0x00031bbc                SPI_final()
                0x00031c0a                TRANS_starttranx(unsigned char)
                0x00032266                dbgu_putint(int, int)
                0x00031c50                TRANS_cstoggle(unsigned char)
                0x00031c20                TRANS_endtranx()
                0x00031e5c                TRANS_transceive_stream(int, unsigned char*, int, int, unsigned char*, int, unsigned char*)
                0x00031c34                TRANS_runClk()
                0x00031d64                TRANS_receiveBytes(unsigned char*, int)
                0x00031bb8                dbgu_init()
                0x00031c76                TRANS_transmitBytes(unsigned char*, int)
                0x0003224e                SPI_init()
 .text          0x0003229c     0x15be obj/SSPIE_CORE.o
                0x00032460                SSPIEm_process(unsigned char*, unsigned int)
                0x0003229c                getCurrentChannel()
                0x000322e8                VME_getNumber(unsigned char*, unsigned int, unsigned int*, unsigned int*)
                0x000323b2                proc_HCOMMENT(unsigned char*, unsigned int, unsigned int*, checksum*)
                0x000322a6                VME_getByte(unsigned char*, unsigned char*, unsigned int, unsigned int*)
                0x000327b8                proc_LOOP(unsigned char*, unsigned int, unsigned int*, unsigned int)
                0x0003331c                SSPIEm_init(unsigned int)
                0x00032bc4                proc_TRANS(unsigned char*, unsigned int, unsigned int*, unsigned char, unsigned char)
                0x000329ba                proc_REPEAT(unsigned char*, unsigned int, unsigned int*, unsigned int)
 .text          0x0003385a      0xdea obj/SSPIE_INTRFACE.o
                0x0003397e                get_compression()
                0x00033974                set_compression(unsigned char)
                0x00033988                dataGetByte(unsigned char*, short, checksum*)
                0x00033890                algoInit()
                0x0003385a                algoPreset(unsigned char*, unsigned int)
                0x00033c1e                dataLoadTOC(short)
                0x000338f8                algoFinal()
                0x000338b8                algoGetByte(unsigned char*)
                0x00033914                dataPreset(unsigned char*, unsigned int)
                0x0003396a                getRequestNewData()
                0x00033e38                dataReadthroughComment()
                0x0003394e                dataFinal()
                0x00033a54                decomp_getByte(unsigned char*)
                0x00033f88                dataRequestSet(unsigned char)
                0x0003413e                HLDataGetByte(unsigned char, unsigned char*, unsigned int)
                0x00033ec4                dataReset(unsigned char)
                0x000344f0                dataInit()
                0x00033b70                decomp_initFrame(int)
                0x00033a12                decomp_getNum()
 .text          0x00034644      0x2cc obj/SSPIE_MAIN.o
                0x000347d6                SSPIE_main()
                0x00034644                printError(int)
 .text          0x00034910       0x58 obj/SSPIE_SSPIEm.o
                0x00034932                SSPIEm_preset(unsigned char*, unsigned int, unsigned char*, unsigned int)
                0x00034910                SSPIEm(unsigned int)
 .text          0x00034968      0x152 obj/SSPIE_UTIL.o
                0x000349ac                setMessage(int, char const*)
                0x00034976                getCheckSum(checksum*)
                0x00034a5c                print_out_string(char const*)
                0x0003498e                putChunk(checksum*, unsigned int)
                0x00034968                init_CS(checksum*, short, short)
 .text          0x00034aba      0x630 obj/ADuCSETTING.o
                0x00034c48                ADuCsetting::checkSettingConsistency_DAC()
                0x00034b90                ADuCsetting::Init_DAC()
                0x00034abe                ADuCsetting::Init_ADC()
                0x00034c12                ADuCsetting::ADuCsetting()
                0x00034bb6                ADuCsetting::Init_PWM()
                0x00034c8a                ADuCsetting::get_ADC_P_NumBytesToSend()
                0x00034cce                ADuCsetting::checkSettingConsistency_ADC()
                0x00034be0                ADuCsetting::ADuCsetting()
                0x00034c44                ADuCsetting::checkSettingConsistency_IEXC()
                0x00034b7a                ADuCsetting::Init_IEXC()
                0x000350a2                ADuCsetting::checkSettingConsistency()
                0x00034abc                ADuCsetting::~ADuCsetting()
                0x00034cac                ADuCsetting::get_ADC_A_NumBytesToSend()
                0x00034c86                ADuCsetting::checkSettingConsistency_PWM()
                0x00034aba                ADuCsetting::~ADuCsetting()
 .text          0x000350ea       0x20 c:\gcc850\lib\libc.a(lib_a-atoi.o)
                0x000350fa                _atoi
                0x000350ea                __atoi_r
 .text          0x0003510a       0x14 c:\gcc850\lib\libc.a(lib_a-isxdigit.o)
                0x0003510a                _isxdigit
 .text          0x0003511e       0x20 c:\gcc850\lib\libc.a(lib_a-memcpy.o)
                0x0003511e                _memcpy
 .text          0x0003513e       0x38 c:\gcc850\lib\libc.a(lib_a-strcat.o)
                0x0003513e                _strcat
 .text          0x00035176       0x34 c:\gcc850\lib\libc.a(lib_a-strcmp.o)
                0x00035176                _strcmp
 .text          0x000351aa       0x20 c:\gcc850\lib\libc.a(lib_a-strcpy.o)
                0x000351aa                _strcpy
 .text          0x000351ca       0x1a c:\gcc850\lib\libc.a(lib_a-strlen.o)
                0x000351ca                _strlen
 .text          0x000351e4       0x4e c:\gcc850\lib\libc.a(lib_a-strncpy.o)
                0x000351e4                _strncpy
 .text          0x00035232      0x226 c:\gcc850\lib\libc.a(lib_a-strtol.o)
                0x0003543e                _strtol
                0x00035232                __strtol_r
 .text          0x00035458       0x18 c:\gcc850\lib\libc.a(lib_a-toupper.o)
                0x00035458                _toupper
 .text          0x00035470        0x0 c:\gcc850\lib\libc.a(lib_a-ctype_.o)
 .text          0x00035470        0x0 c:\gcc850\lib\libc.a(lib_a-impure.o)
 .text          0x00035470       0x3e c:\gcc850\lib\libgcc.a(_mulsi3.o)
                0x00035470                ___mulsi3
 .text          0x000354ae       0x32 c:\gcc850\lib\libgcc.a(_divsi3.o)
                0x000354ae                ___divsi3
 .text          0x000354e0       0x36 c:\gcc850\lib\libgcc.a(_udivsi3.o)
                0x000354e0                ___udivsi3
 .text          0x00035516       0x2a c:\gcc850\lib\libgcc.a(_modsi3.o)
                0x00035516                ___modsi3
 .text          0x00035540       0x2a c:\gcc850\lib\libgcc.a(_umodsi3.o)
                0x00035540                ___umodsi3
 *fill*         0x0003556a        0x2 00
 .text          0x0003556c       0x18 c:\gcc850\lib\libgcc.a(_save_31c.o)
                0x00035578                __return_r31
                0x0003556c                __save_r31
 .text          0x00035584       0x36 c:\gcc850\lib\libgcc.a(_fixunssfsi.o)
                0x00035584                ___fixunssfsi
 .text          0x000355ba      0x25e c:\gcc850\lib\libgcc.a(_addsub_sf.o)
                0x00035760                ___subsf3
                0x000357c2                ___addsf3
 .text          0x00035818      0x174 c:\gcc850\lib\libgcc.a(_mul_sf.o)
                0x00035818                ___mulsf3
 .text          0x0003598c      0x11c c:\gcc850\lib\libgcc.a(_div_sf.o)
                0x0003598c                ___divsf3
 .text          0x00035aa8       0x66 c:\gcc850\lib\libgcc.a(_ne_sf.o)
                0x00035aa8                ___nesf2
 .text          0x00035b0e       0x60 c:\gcc850\lib\libgcc.a(_gt_sf.o)
                0x00035b0e                ___gtsf2
 .text          0x00035b6e       0x60 c:\gcc850\lib\libgcc.a(_ge_sf.o)
                0x00035b6e                ___gesf2
 .text          0x00035bce       0x66 c:\gcc850\lib\libgcc.a(_lt_sf.o)
                0x00035bce                ___ltsf2
 .text          0x00035c34       0x66 c:\gcc850\lib\libgcc.a(_le_sf.o)
                0x00035c34                ___lesf2
 .text          0x00035c9a       0x70 c:\gcc850\lib\libgcc.a(_si_to_sf.o)
                0x00035c9a                ___floatsisf
 .text          0x00035d0a       0x82 c:\gcc850\lib\libgcc.a(_sf_to_si.o)
                0x00035d0a                ___fixsfsi
 .text          0x00035d8c        0x0 c:\gcc850\lib\libgcc.a(_thenan_sf.o)
 .text          0x00035d8c       0x7a c:\gcc850\lib\libgcc.a(_usi_to_sf.o)
                0x00035d8c                ___floatunsisf
 *fill*         0x00035e06        0x2 00
 .text          0x00035e08       0x38 c:\gcc850\lib\libgcc.a(_save_26c.o)
                0x00035e24                __return_r26_r31
                0x00035e08                __save_r26_r31
 .text          0x00035e40       0x30 c:\gcc850\lib\libgcc.a(_save_27c.o)
                0x00035e40                __save_r27_r31
                0x00035e58                __return_r27_r31
 .text          0x00035e70       0x28 c:\gcc850\lib\libgcc.a(_save_28c.o)
                0x00035e70                __save_r28_r31
                0x00035e84                __return_r28_r31
 .text          0x00035e98       0xde c:\gcc850\lib\libgcc.a(_muldi3.o)
                0x00035e98                ___muldi3
 .text          0x00035f76       0x58 c:\gcc850\lib\libgcc.a(_clzsi2.o)
                0x00035f76                ___clzsi2
 .text          0x00035fce      0x118 c:\gcc850\lib\libgcc.a(_pack_sf.o)
                0x00035fce                ___pack_f
 .text          0x000360e6       0xaa c:\gcc850\lib\libgcc.a(_unpack_sf.o)
                0x000360e6                ___unpack_f
 .text          0x00036190       0x8c c:\gcc850\lib\libgcc.a(_fpcmp_parts_sf.o)
                0x00036190                ___fpcmp_parts_f
 .text          0x0003621c        0x0 c:\gcc850\lib\libgcc.a(_clz.o)
                0x00036220                . = ALIGN (0x10)
 *fill*         0x0003621c        0x4 00
 *(.call_table_text)
 *(.gnu.warning)
 *(.gnu.linkonce.t*)
 .gnu.linkonce.t._ZN9HwChannelIsLi40EE13physicalValueEs
                0x00036220       0x3a obj/main.o
                0x00036220                HwChannel<short, 40>::physicalValue(short)
 .gnu.linkonce.t._ZN9HwChannelIlLi4EE13physicalValueEl
                0x0003625a       0x36 obj/main.o
                0x0003625a                HwChannel<long, 4>::physicalValue(long)
 .gnu.linkonce.t._ZN16PrsHwChanManagerIsLi40EE14getChannelTypeEv
                0x00036290        0xe obj/main.o
                0x00036290                PrsHwChanManager<short, 40>::getChannelType()
 .gnu.linkonce.t._ZN13HwChanManagerIsLi40EE14getChannelTypeEv
                0x0003629e        0x4 obj/main.o
                0x0003629e                HwChanManager<short, 40>::getChannelType()
 .gnu.linkonce.t._ZN13HwChanManagerIlLi4EE14getChannelTypeEv
                0x000362a2        0x4 obj/main.o